Archive member included to satisfy reference by file (symbol)

C:/ST/STM32CubeIDE_1.16.0/STM32CubeIDE/plugins/com.st.stm32cube.ide.mcu.externaltools.gnu-tools-for-stm32.12.3.rel1.win32_1.0.200.202406191623/tools/bin/../lib/gcc/arm-none-eabi/12.3.1/../../../../arm-none-eabi/lib/thumb/v7e-m+fp/hard\libc_nano.a(libc_a-exit.o)
                              C:/ST/STM32CubeIDE_1.16.0/STM32CubeIDE/plugins/com.st.stm32cube.ide.mcu.externaltools.gnu-tools-for-stm32.12.3.rel1.win32_1.0.200.202406191623/tools/bin/../lib/gcc/arm-none-eabi/12.3.1/../../../../arm-none-eabi/lib/thumb/v7e-m+fp/hard/crt0.o (exit)
C:/ST/STM32CubeIDE_1.16.0/STM32CubeIDE/plugins/com.st.stm32cube.ide.mcu.externaltools.gnu-tools-for-stm32.12.3.rel1.win32_1.0.200.202406191623/tools/bin/../lib/gcc/arm-none-eabi/12.3.1/../../../../arm-none-eabi/lib/thumb/v7e-m+fp/hard\libc_nano.a(libc_a-findfp.o)
                              C:/ST/STM32CubeIDE_1.16.0/STM32CubeIDE/plugins/com.st.stm32cube.ide.mcu.externaltools.gnu-tools-for-stm32.12.3.rel1.win32_1.0.200.202406191623/tools/bin/../lib/gcc/arm-none-eabi/12.3.1/../../../../arm-none-eabi/lib/thumb/v7e-m+fp/hard\libc_nano.a(libc_a-exit.o) (__stdio_exit_handler)
C:/ST/STM32CubeIDE_1.16.0/STM32CubeIDE/plugins/com.st.stm32cube.ide.mcu.externaltools.gnu-tools-for-stm32.12.3.rel1.win32_1.0.200.202406191623/tools/bin/../lib/gcc/arm-none-eabi/12.3.1/../../../../arm-none-eabi/lib/thumb/v7e-m+fp/hard\libc_nano.a(libc_a-fwalk.o)
                              C:/ST/STM32CubeIDE_1.16.0/STM32CubeIDE/plugins/com.st.stm32cube.ide.mcu.externaltools.gnu-tools-for-stm32.12.3.rel1.win32_1.0.200.202406191623/tools/bin/../lib/gcc/arm-none-eabi/12.3.1/../../../../arm-none-eabi/lib/thumb/v7e-m+fp/hard\libc_nano.a(libc_a-findfp.o) (_fwalk_sglue)
C:/ST/STM32CubeIDE_1.16.0/STM32CubeIDE/plugins/com.st.stm32cube.ide.mcu.externaltools.gnu-tools-for-stm32.12.3.rel1.win32_1.0.200.202406191623/tools/bin/../lib/gcc/arm-none-eabi/12.3.1/../../../../arm-none-eabi/lib/thumb/v7e-m+fp/hard\libc_nano.a(libc_a-stdio.o)
                              C:/ST/STM32CubeIDE_1.16.0/STM32CubeIDE/plugins/com.st.stm32cube.ide.mcu.externaltools.gnu-tools-for-stm32.12.3.rel1.win32_1.0.200.202406191623/tools/bin/../lib/gcc/arm-none-eabi/12.3.1/../../../../arm-none-eabi/lib/thumb/v7e-m+fp/hard\libc_nano.a(libc_a-findfp.o) (__sread)
C:/ST/STM32CubeIDE_1.16.0/STM32CubeIDE/plugins/com.st.stm32cube.ide.mcu.externaltools.gnu-tools-for-stm32.12.3.rel1.win32_1.0.200.202406191623/tools/bin/../lib/gcc/arm-none-eabi/12.3.1/../../../../arm-none-eabi/lib/thumb/v7e-m+fp/hard\libc_nano.a(libc_a-memset.o)
                              C:/ST/STM32CubeIDE_1.16.0/STM32CubeIDE/plugins/com.st.stm32cube.ide.mcu.externaltools.gnu-tools-for-stm32.12.3.rel1.win32_1.0.200.202406191623/tools/bin/../lib/gcc/arm-none-eabi/12.3.1/../../../../arm-none-eabi/lib/thumb/v7e-m+fp/hard/crt0.o (memset)
C:/ST/STM32CubeIDE_1.16.0/STM32CubeIDE/plugins/com.st.stm32cube.ide.mcu.externaltools.gnu-tools-for-stm32.12.3.rel1.win32_1.0.200.202406191623/tools/bin/../lib/gcc/arm-none-eabi/12.3.1/../../../../arm-none-eabi/lib/thumb/v7e-m+fp/hard\libc_nano.a(libc_a-closer.o)
                              C:/ST/STM32CubeIDE_1.16.0/STM32CubeIDE/plugins/com.st.stm32cube.ide.mcu.externaltools.gnu-tools-for-stm32.12.3.rel1.win32_1.0.200.202406191623/tools/bin/../lib/gcc/arm-none-eabi/12.3.1/../../../../arm-none-eabi/lib/thumb/v7e-m+fp/hard\libc_nano.a(libc_a-stdio.o) (_close_r)
C:/ST/STM32CubeIDE_1.16.0/STM32CubeIDE/plugins/com.st.stm32cube.ide.mcu.externaltools.gnu-tools-for-stm32.12.3.rel1.win32_1.0.200.202406191623/tools/bin/../lib/gcc/arm-none-eabi/12.3.1/../../../../arm-none-eabi/lib/thumb/v7e-m+fp/hard\libc_nano.a(libc_a-reent.o)
                              C:/ST/STM32CubeIDE_1.16.0/STM32CubeIDE/plugins/com.st.stm32cube.ide.mcu.externaltools.gnu-tools-for-stm32.12.3.rel1.win32_1.0.200.202406191623/tools/bin/../lib/gcc/arm-none-eabi/12.3.1/../../../../arm-none-eabi/lib/thumb/v7e-m+fp/hard\libc_nano.a(libc_a-closer.o) (errno)
C:/ST/STM32CubeIDE_1.16.0/STM32CubeIDE/plugins/com.st.stm32cube.ide.mcu.externaltools.gnu-tools-for-stm32.12.3.rel1.win32_1.0.200.202406191623/tools/bin/../lib/gcc/arm-none-eabi/12.3.1/../../../../arm-none-eabi/lib/thumb/v7e-m+fp/hard\libc_nano.a(libc_a-impure.o)
                              C:/ST/STM32CubeIDE_1.16.0/STM32CubeIDE/plugins/com.st.stm32cube.ide.mcu.externaltools.gnu-tools-for-stm32.12.3.rel1.win32_1.0.200.202406191623/tools/bin/../lib/gcc/arm-none-eabi/12.3.1/../../../../arm-none-eabi/lib/thumb/v7e-m+fp/hard\libc_nano.a(libc_a-reent.o) (_impure_ptr)
C:/ST/STM32CubeIDE_1.16.0/STM32CubeIDE/plugins/com.st.stm32cube.ide.mcu.externaltools.gnu-tools-for-stm32.12.3.rel1.win32_1.0.200.202406191623/tools/bin/../lib/gcc/arm-none-eabi/12.3.1/../../../../arm-none-eabi/lib/thumb/v7e-m+fp/hard\libc_nano.a(libc_a-lseekr.o)
[...]
Memory Configuration

Name             Origin             Length             Attributes
FLASH            0x08000000         0x00100000         xr
RAM              0x20000000         0x00050000         xrw
*default*        0x00000000         0xffffffff

Linker script and memory map

LOAD C:/ST/STM32CubeIDE_1.16.0/STM32CubeIDE/plugins/com.st.stm32cube.ide.mcu.externaltools.gnu-tools-for-stm32.12.3.rel1.win32_1.0.200.202406191623/tools/bin/../lib/gcc/arm-none-eabi/12.3.1/thumb/v7e-m+fp/hard/crti.o
LOAD C:/ST/STM32CubeIDE_1.16.0/STM32CubeIDE/plugins/com.st.stm32cube.ide.mcu.externaltools.gnu-tools-for-stm32.12.3.rel1.win32_1.0.200.202406191623/tools/bin/../lib/gcc/arm-none-eabi/12.3.1/thumb/v7e-m+fp/hard/crtbegin.o
LOAD C:/ST/STM32CubeIDE_1.16.0/STM32CubeIDE/plugins/com.st.stm32cube.ide.mcu.externaltools.gnu-tools-for-stm32.12.3.rel1.win32_1.0.200.202406191623/tools/bin/../lib/gcc/arm-none-eabi/12.3.1/../../../../arm-none-eabi/lib/thumb/v7e-m+fp/hard/crt0.o
LOAD ./Drivers/BSP/Components/ft5336.o
LOAD ./Drivers/BSP/Components/ov9655.o
LOAD ./Drivers/BSP/Components/wm8994.o
LOAD ./Drivers/BSP/STM32746G_DISCOVERY/stm32746g_discovery.o
LOAD ./Drivers/BSP/STM32746G_DISCOVERY/stm32746g_discovery_audio.o
LOAD ./Drivers/BSP/STM32746G_DISCOVERY/stm32746g_discovery_camera.o
LOAD ./Drivers/BSP/STM32746G_DISCOVERY/stm32746g_discovery_eeprom.o
LOAD ./Drivers/BSP/STM32746G_DISCOVERY/stm32746g_discovery_lcd.o
LOAD ./Drivers/BSP/STM32746G_DISCOVERY/stm32746g_discovery_qspi.o
LOAD ./Drivers/BSP/STM32746G_DISCOVERY/stm32746g_discovery_sd.o
LOAD ./Drivers/BSP/STM32746G_DISCOVERY/stm32746g_discovery_sdram.o
LOAD ./Drivers/BSP/STM32746G_DISCOVERY/stm32746g_discovery_ts.o
LOAD ./Drivers/CMSIS/system_stm32f7xx.o
LOAD ./Drivers/STM32F7xx_HAL_Driver/stm32f7xx_hal.o
LOAD ./Drivers/STM32F7xx_HAL_Driver/stm32f7xx_hal_cortex.o
LOAD ./Drivers/STM32F7xx_HAL_Driver/stm32f7xx_hal_dcmi.o
LOAD ./Drivers/STM32F7xx_HAL_Driver/stm32f7xx_hal_dma.o
LOAD ./Drivers/STM32F7xx_HAL_Driver/stm32f7xx_hal_dma2d.o
LOAD ./Drivers/STM32F7xx_HAL_Driver/stm32f7xx_hal_dma_ex.o
LOAD ./Drivers/STM32F7xx_HAL_Driver/stm32f7xx_hal_flash.o
LOAD ./Drivers/STM32F7xx_HAL_Driver/stm32f7xx_hal_flash_ex.o
LOAD ./Drivers/STM32F7xx_HAL_Driver/stm32f7xx_hal_gpio.o
LOAD ./Drivers/STM32F7xx_HAL_Driver/stm32f7xx_hal_i2c.o
LOAD ./Drivers/STM32F7xx_HAL_Driver/stm32f7xx_hal_i2s.o
LOAD ./Drivers/STM32F7xx_HAL_Driver/stm32f7xx_hal_ltdc.o
LOAD ./Drivers/STM32F7xx_HAL_Driver/stm32f7xx_hal_nor.o
LOAD ./Drivers/STM32F7xx_HAL_Driver/stm32f7xx_hal_pwr.o
LOAD ./Drivers/STM32F7xx_HAL_Driver/stm32f7xx_hal_pwr_ex.o
LOAD ./Drivers/STM32F7xx_HAL_Driver/stm32f7xx_hal_qspi.o
LOAD ./Drivers/STM32F7xx_HAL_Driver/stm32f7xx_hal_rcc.o
LOAD ./Drivers/STM32F7xx_HAL_Driver/stm32f7xx_hal_rcc_ex.o
LOAD ./Drivers/STM32F7xx_HAL_Driver/stm32f7xx_hal_sai.o
LOAD ./Drivers/STM32F7xx_HAL_Driver/stm32f7xx_hal_sai_ex.o
LOAD ./Drivers/STM32F7xx_HAL_Driver/stm32f7xx_hal_sd.o
LOAD ./Drivers/STM32F7xx_HAL_Driver/stm32f7xx_hal_sdram.o
LOAD ./Drivers/STM32F7xx_HAL_Driver/stm32f7xx_hal_sram.o
LOAD ./Drivers/STM32F7xx_HAL_Driver/stm32f7xx_hal_tim.o
LOAD ./Drivers/STM32F7xx_HAL_Driver/stm32f7xx_hal_tim_ex.o
LOAD ./Drivers/STM32F7xx_HAL_Driver/stm32f7xx_hal_uart.o
LOAD ./Drivers/STM32F7xx_HAL_Driver/stm32f7xx_ll_fmc.o
LOAD ./Drivers/STM32F7xx_HAL_Driver/stm32f7xx_ll_sdmmc.o
LOAD ./Example/SW4STM32/startup_stm32f746xx.o
LOAD ./Example/SW4STM32/syscalls.o
LOAD ./Example/User/audio_play.o
LOAD ./Example/User/audio_rec.o
LOAD ./Example/User/main.o
LOAD ./Example/User/stm32f7xx_it.o
LOAD ./Utilities/lcd_log.o
START GROUP
LOAD C:/ST/STM32CubeIDE_1.16.0/STM32CubeIDE/plugins/com.st.stm32cube.ide.mcu.externaltools.gnu-tools-for-stm32.12.3.rel1.win32_1.0.200.202406191623/tools/bin/../lib/gcc/arm-none-eabi/12.3.1/../../../../arm-none-eabi/lib/thumb/v7e-m+fp/hard\libc_nano.a
LOAD C:/ST/STM32CubeIDE_1.16.0/STM32CubeIDE/plugins/com.st.stm32cube.ide.mcu.externaltools.gnu-tools-for-stm32.12.3.rel1.win32_1.0.200.202406191623/tools/bin/../lib/gcc/arm-none-eabi/12.3.1/../../../../arm-none-eabi/lib/thumb/v7e-m+fp/hard\libm.a
END GROUP
START GROUP
LOAD C:/ST/STM32CubeIDE_1.16.0/STM32CubeIDE/plugins/com.st.stm32cube.ide.mcu.externaltools.gnu-tools-for-stm32.12.3.rel1.win32_1.0.200.202406191623/tools/bin/../lib/gcc/arm-none-eabi/12.3.1/thumb/v7e-m+fp/hard\libgcc.a
LOAD C:/ST/STM32CubeIDE_1.16.0/STM32CubeIDE/plugins/com.st.stm32cube.ide.mcu.externaltools.gnu-tools-for-stm32.12.3.rel1.win32_1.0.200.202406191623/tools/bin/../lib/gcc/arm-none-eabi/12.3.1/../../../../arm-none-eabi/lib/thumb/v7e-m+fp/hard\libc_nano.a
END GROUP
START GROUP
LOAD C:/ST/STM32CubeIDE_1.16.0/STM32CubeIDE/plugins/com.st.stm32cube.ide.mcu.externaltools.gnu-tools-for-stm32.12.3.rel1.win32_1.0.200.202406191623/tools/bin/../lib/gcc/arm-none-eabi/12.3.1/thumb/v7e-m+fp/hard\libgcc.a
LOAD C:/ST/STM32CubeIDE_1.16.0/STM32CubeIDE/plugins/com.st.stm32cube.ide.mcu.externaltools.gnu-tools-for-stm32.12.3.rel1.win32_1.0.200.202406191623/tools/bin/../lib/gcc/arm-none-eabi/12.3.1/../../../../arm-none-eabi/lib/thumb/v7e-m+fp/hard\libc_nano.a
LOAD C:/ST/STM32CubeIDE_1.16.0/STM32CubeIDE/plugins/com.st.stm32cube.ide.mcu.externaltools.gnu-tools-for-stm32.12.3.rel1.win32_1.0.200.202406191623/tools/bin/../lib/gcc/arm-none-eabi/12.3.1/../../../../arm-none-eabi/lib/thumb/v7e-m+fp/hard\libnosys.a
END GROUP
START GROUP
LOAD C:/ST/STM32CubeIDE_1.16.0/STM32CubeIDE/plugins/com.st.stm32cube.ide.mcu.externaltools.gnu-tools-for-stm32.12.3.rel1.win32_1.0.200.202406191623/tools/bin/../lib/gcc/arm-none-eabi/12.3.1/thumb/v7e-m+fp/hard\libgcc.a
LOAD C:/ST/STM32CubeIDE_1.16.0/STM32CubeIDE/plugins/com.st.stm32cube.ide.mcu.externaltools.gnu-tools-for-stm32.12.3.rel1.win32_1.0.200.202406191623/tools/bin/../lib/gcc/arm-none-eabi/12.3.1/../../../../arm-none-eabi/lib/thumb/v7e-m+fp/hard\libc_nano.a
LOAD C:/ST/STM32CubeIDE_1.16.0/STM32CubeIDE/plugins/com.st.stm32cube.ide.mcu.externaltools.gnu-tools-for-stm32.12.3.rel1.win32_1.0.200.202406191623/tools/bin/../lib/gcc/arm-none-eabi/12.3.1/../../../../arm-none-eabi/lib/thumb/v7e-m+fp/hard\libnosys.a
END GROUP
LOAD C:/ST/STM32CubeIDE_1.16.0/STM32CubeIDE/plugins/com.st.stm32cube.ide.mcu.externaltools.gnu-tools-for-stm32.12.3.rel1.win32_1.0.200.202406191623/tools/bin/../lib/gcc/arm-none-eabi/12.3.1/thumb/v7e-m+fp/hard/crtend.o
LOAD C:/ST/STM32CubeIDE_1.16.0/STM32CubeIDE/plugins/com.st.stm32cube.ide.mcu.externaltools.gnu-tools-for-stm32.12.3.rel1.win32_1.0.200.202406191623/tools/bin/../lib/gcc/arm-none-eabi/12.3.1/thumb/v7e-m+fp/hard/crtn.o
                0x20050000                        _estack = 0x20050000
                0x00000200                        _Min_Heap_Size = 0x200
                0x00000400                        _Min_Stack_Size = 0x400

.isr_vector     0x08000000      0x1c8
                0x08000000                        . = ALIGN (0x4)
 *(.isr_vector)
 .isr_vector    0x08000000      0x1c8 ./Example/SW4STM32/startup_stm32f746xx.o
                0x08000000                g_pfnVectors
                0x080001c8                        . = ALIGN (0x4)

.text           0x080001c8     0x6b60
                0x080001c8                        . = ALIGN (0x4)
 *(.text)
 .text          0x080001c8       0x40 C:/ST/STM32CubeIDE_1.16.0/STM32CubeIDE/plugins/com.st.stm32cube.ide.mcu.externaltools.gnu-tools-for-stm32.12.3.rel1.win32_1.0.200.202406191623/tools/bin/../lib/gcc/arm-none-eabi/12.3.1/thumb/v7e-m+fp/hard/crtbegin.o
 .text          0x08000208       0x10 C:/ST/STM32CubeIDE_1.16.0/STM32CubeIDE/plugins/com.st.stm32cube.ide.mcu.externaltools.gnu-tools-for-stm32.12.3.rel1.win32_1.0.200.202406191623/tools/bin/../lib/gcc/arm-none-eabi/12.3.1/../../../../arm-none-eabi/lib/thumb/v7e-m+fp/hard\libc_nano.a(libc_a-strlen.o)
                0x08000208                strlen
 .text          0x08000218      0x378 C:/ST/STM32CubeIDE_1.16.0/STM32CubeIDE/plugins/com.st.stm32cube.ide.mcu.externaltools.gnu-tools-for-stm32.12.3.rel1.win32_1.0.200.202406191623/tools/bin/../lib/gcc/arm-none-eabi/12.3.1/thumb/v7e-m+fp/hard\libgcc.a(_arm_addsubdf3.o)
                0x08000218                __aeabi_drsub
                0x08000220                __aeabi_dsub
                0x08000220                __subdf3
                0x08000224                __aeabi_dadd
                0x08000224                __adddf3
                0x0800049c                __floatunsidf
                0x0800049c                __aeabi_ui2d
                0x080004bc                __floatsidf
                0x080004bc                __aeabi_i2d
                0x080004e0                __aeabi_f2d
                0x080004e0                __extendsfdf2
                0x08000524                __floatundidf
                0x08000524                __aeabi_ul2d
                0x08000534                __floatdidf
                0x08000534                __aeabi_l2d
 .text          0x08000590      0x424 C:/ST/STM32CubeIDE_1.16.0/STM32CubeIDE/plugins/com.st.stm32cube.ide.mcu.externaltools.gnu-tools-for-stm32.12.3.rel1.win32_1.0.200.202406191623/tools/bin/../lib/gcc/arm-none-eabi/12.3.1/thumb/v7e-m+fp/hard\libgcc.a(_arm_muldivdf3.o)
                0x08000590                __aeabi_dmul
                0x08000590                __muldf3
                0x080007e4                __divdf3
                0x080007e4                __aeabi_ddiv
 .text          0x080009b4      0x110 C:/ST/STM32CubeIDE_1.16.0/STM32CubeIDE/plugins/com.st.stm32cube.ide.mcu.externaltools.gnu-tools-for-stm32.12.3.rel1.win32_1.0.200.202406191623/tools/bin/../lib/gcc/arm-none-eabi/12.3.1/thumb/v7e-m+fp/hard\libgcc.a(_arm_cmpdf2.o)
                0x080009b4                __gtdf2
                0x080009b4                __gedf2
                0x080009bc                __ltdf2
                0x080009bc                __ledf2
                0x080009c4                __nedf2
                0x080009c4                __eqdf2
                0x080009c4                __cmpdf2
                0x08000a40                __aeabi_cdrcmple
                0x08000a50                __aeabi_cdcmpeq
                0x08000a50                __aeabi_cdcmple
                0x08000a60                __aeabi_dcmpeq
                0x08000a74                __aeabi_dcmplt
                0x08000a88                __aeabi_dcmple
                0x08000a9c                __aeabi_dcmpge
                0x08000ab0                __aeabi_dcmpgt
 .text          0x08000ac4       0x50 C:/ST/STM32CubeIDE_1.16.0/STM32CubeIDE/plugins/com.st.stm32cube.ide.mcu.externaltools.gnu-tools-for-stm32.12.3.rel1.win32_1.0.200.202406191623/tools/bin/../lib/gcc/arm-none-eabi/12.3.1/thumb/v7e-m+fp/hard\libgcc.a(_arm_fixdfsi.o)
                0x08000ac4                __aeabi_d2iz
                0x08000ac4                __fixdfsi
 .text          0x08000b14       0xa0 C:/ST/STM32CubeIDE_1.16.0/STM32CubeIDE/plugins/com.st.stm32cube.ide.mcu.externaltools.gnu-tools-for-stm32.12.3.rel1.win32_1.0.200.202406191623/tools/bin/../lib/gcc/arm-none-eabi/12.3.1/thumb/v7e-m+fp/hard\libgcc.a(_arm_truncdfsf2.o)
                0x08000b14                __truncdfsf2
                0x08000b14                __aeabi_d2f
 .text          0x08000bb4       0x30 C:/ST/STM32CubeIDE_1.16.0/STM32CubeIDE/plugins/com.st.stm32cube.ide.mcu.externaltools.gnu-tools-for-stm32.12.3.rel1.win32_1.0.200.202406191623/tools/bin/../lib/gcc/arm-none-eabi/12.3.1/thumb/v7e-m+fp/hard\libgcc.a(_aeabi_uldivmod.o)
                0x08000bb4                __aeabi_uldivmod
 .text          0x08000be4      0x2bc C:/ST/STM32CubeIDE_1.16.0/STM32CubeIDE/plugins/com.st.stm32cube.ide.mcu.externaltools.gnu-tools-for-stm32.12.3.rel1.win32_1.0.200.202406191623/tools/bin/../lib/gcc/arm-none-eabi/12.3.1/thumb/v7e-m+fp/hard\libgcc.a(_udivmoddi4.o)
                0x08000be4                __udivmoddi4
 .text          0x08000ea0        0x4 C:/ST/STM32CubeIDE_1.16.0/STM32CubeIDE/plugins/com.st.stm32cube.ide.mcu.externaltools.gnu-tools-for-stm32.12.3.rel1.win32_1.0.200.202406191623/tools/bin/../lib/gcc/arm-none-eabi/12.3.1/thumb/v7e-m+fp/hard\libgcc.a(_dvmd_tls.o)
                0x08000ea0                __aeabi_idiv0
                0x08000ea0                __aeabi_ldiv0
 *(.text*)
 .text.wm8994_SetOutputMode
                0x08000ea4       0x9c ./Drivers/BSP/Components/wm8994.o
                0x08000ea4                wm8994_SetOutputMode
 .text.wm8994_SetFrequency
                0x08000f40       0x64 ./Drivers/BSP/Components/wm8994.o
                0x08000f40                wm8994_SetFrequency
 .text.wm8994_Reset
                0x08000fa4       0x1c ./Drivers/BSP/Components/wm8994.o
                0x08000fa4                wm8994_Reset
 .text.wm8994_DeInit
                0x08000fc0        0x4 ./Drivers/BSP/Components/wm8994.o
                0x08000fc0                wm8994_DeInit
 .text.wm8994_ReadID
                0x08000fc4       0x12 ./Drivers/BSP/Components/wm8994.o
                0x08000fc4                wm8994_ReadID
 *fill*         0x08000fd6        0x2 
 .text.wm8994_SetMute
                0x08000fd8       0x44 ./Drivers/BSP/Components/wm8994.o
                0x08000fd8                wm8994_SetMute
 .text.wm8994_Play
                0x0800101c        0x6 ./Drivers/BSP/Components/wm8994.o
                0x0800101c                wm8994_Play
 .text.wm8994_Resume
                0x08001022        0x6 ./Drivers/BSP/Components/wm8994.o
                0x08001022                wm8994_Resume
 .text.wm8994_Pause
                0x08001028       0x1a ./Drivers/BSP/Components/wm8994.o
                0x08001028                wm8994_Pause
 *fill*         0x08001042        0x2 
 .text.wm8994_SetVolume
                0x08001044      0x104 ./Drivers/BSP/Components/wm8994.o
                0x08001044                wm8994_SetVolume
 .text.wm8994_Init
                0x08001148      0x560 ./Drivers/BSP/Components/wm8994.o
                0x08001148                wm8994_Init
 .text.wm8994_Stop
                0x080016a8       0x6c ./Drivers/BSP/Components/wm8994.o
                0x080016a8                wm8994_Stop
 .text.I2Cx_Init
                0x08001714      0x15c ./Drivers/BSP/STM32746G_DISCOVERY/stm32746g_discovery.o
 .text.I2Cx_WriteMultiple
                0x08001870       0x30 ./Drivers/BSP/STM32746G_DISCOVERY/stm32746g_discovery.o
 .text.I2Cx_ReadMultiple
                0x080018a0       0x30 ./Drivers/BSP/STM32746G_DISCOVERY/stm32746g_discovery.o
 .text.BSP_LED_Init
                0x080018d0       0x48 ./Drivers/BSP/STM32746G_DISCOVERY/stm32746g_discovery.o
                0x080018d0                BSP_LED_Init
 .text.BSP_PB_Init
                0x08001918       0xa4 ./Drivers/BSP/STM32746G_DISCOVERY/stm32746g_discovery.o
                0x08001918                BSP_PB_Init
 .text.BSP_PB_GetState
                0x080019bc       0x1c ./Drivers/BSP/STM32746G_DISCOVERY/stm32746g_discovery.o
                0x080019bc                BSP_PB_GetState
 .text.AUDIO_IO_Init
                0x080019d8        0xc ./Drivers/BSP/STM32746G_DISCOVERY/stm32746g_discovery.o
                0x080019d8                AUDIO_IO_Init
 .text.AUDIO_IO_DeInit
                0x080019e4        0x2 ./Drivers/BSP/STM32746G_DISCOVERY/stm32746g_discovery.o
                0x080019e4                AUDIO_IO_DeInit
 *fill*         0x080019e6        0x2 
 .text.AUDIO_IO_Write
                0x080019e8       0x28 ./Drivers/BSP/STM32746G_DISCOVERY/stm32746g_discovery.o
                0x080019e8                AUDIO_IO_Write
 .text.AUDIO_IO_Read
                0x08001a10       0x30 ./Drivers/BSP/STM32746G_DISCOVERY/stm32746g_discovery.o
                0x08001a10                AUDIO_IO_Read
 .text.AUDIO_IO_Delay
                0x08001a40        0x4 ./Drivers/BSP/STM32746G_DISCOVERY/stm32746g_discovery.o
                0x08001a40                AUDIO_IO_Delay
 .text.SAIx_Out_DeInit
                0x08001a44       0x20 ./Drivers/BSP/STM32746G_DISCOVERY/stm32746g_discovery_audio.o
 .text.SAIx_In_DeInit
                0x08001a64       0x24 ./Drivers/BSP/STM32746G_DISCOVERY/stm32746g_discovery_audio.o
 .text.SAIx_In_Init
                0x08001a88       0xec ./Drivers/BSP/STM32746G_DISCOVERY/stm32746g_discovery_audio.o
 .text.BSP_AUDIO_OUT_Play
                0x08001b74       0x3c ./Drivers/BSP/STM32746G_DISCOVERY/stm32746g_discovery_audio.o
                0x08001b74                BSP_AUDIO_OUT_Play
 .text.BSP_AUDIO_OUT_Stop
                0x08001bb0       0x30 ./Drivers/BSP/STM32746G_DISCOVERY/stm32746g_discovery_audio.o
                0x08001bb0                BSP_AUDIO_OUT_Stop
 .text.BSP_AUDIO_OUT_SetAudioFrameSlot
                0x08001be0       0x28 ./Drivers/BSP/STM32746G_DISCOVERY/stm32746g_discovery_audio.o
                0x08001be0                BSP_AUDIO_OUT_SetAudioFrameSlot
 .text.HAL_SAI_TxCpltCallback
                0x08001c08        0x8 ./Drivers/BSP/STM32746G_DISCOVERY/stm32746g_discovery_audio.o
                0x08001c08                HAL_SAI_TxCpltCallback
 .text.HAL_SAI_TxHalfCpltCallback
                0x08001c10        0x8 ./Drivers/BSP/STM32746G_DISCOVERY/stm32746g_discovery_audio.o
                0x08001c10                HAL_SAI_TxHalfCpltCallback
 .text.BSP_AUDIO_OUT_MspInit
                0x08001c18      0x150 ./Drivers/BSP/STM32746G_DISCOVERY/stm32746g_discovery_audio.o
                0x08001c18                BSP_AUDIO_OUT_MspInit
 .text.BSP_AUDIO_OUT_ClockConfig
                0x08001d68       0x62 ./Drivers/BSP/STM32746G_DISCOVERY/stm32746g_discovery_audio.o
                0x08001d68                BSP_AUDIO_OUT_ClockConfig
 *fill*         0x08001dca        0x2 
 .text.BSP_AUDIO_OUT_Init
                0x08001dcc       0xd4 ./Drivers/BSP/STM32746G_DISCOVERY/stm32746g_discovery_audio.o
                0x08001dcc                BSP_AUDIO_OUT_Init
 .text.BSP_AUDIO_IN_Record
                0x08001ea0       0x14 ./Drivers/BSP/STM32746G_DISCOVERY/stm32746g_discovery_audio.o
                0x08001ea0                BSP_AUDIO_IN_Record
 .text.BSP_AUDIO_IN_Stop
                0x08001eb4       0x34 ./Drivers/BSP/STM32746G_DISCOVERY/stm32746g_discovery_audio.o
                0x08001eb4                BSP_AUDIO_IN_Stop
 .text.HAL_SAI_RxCpltCallback
                0x08001ee8        0x8 ./Drivers/BSP/STM32746G_DISCOVERY/stm32746g_discovery_audio.o
                0x08001ee8                HAL_SAI_RxCpltCallback
 .text.HAL_SAI_RxHalfCpltCallback
                0x08001ef0        0x8 ./Drivers/BSP/STM32746G_DISCOVERY/stm32746g_discovery_audio.o
                0x08001ef0                HAL_SAI_RxHalfCpltCallback
 .text.HAL_SAI_ErrorCallback
                0x08001ef8       0x34 ./Drivers/BSP/STM32746G_DISCOVERY/stm32746g_discovery_audio.o
                0x08001ef8                HAL_SAI_ErrorCallback
 .text.BSP_AUDIO_IN_MspInit
                0x08001f2c      0x114 ./Drivers/BSP/STM32746G_DISCOVERY/stm32746g_discovery_audio.o
                0x08001f2c                BSP_AUDIO_IN_MspInit
 .text.BSP_AUDIO_IN_InitEx
                0x08002040       0x94 ./Drivers/BSP/STM32746G_DISCOVERY/stm32746g_discovery_audio.o
                0x08002040                BSP_AUDIO_IN_InitEx
 .text.BSP_AUDIO_IN_Init
                0x080020d4        0xe ./Drivers/BSP/STM32746G_DISCOVERY/stm32746g_discovery_audio.o
                0x080020d4                BSP_AUDIO_IN_Init
 *fill*         0x080020e2        0x2 
 .text.LL_FillBuffer
                0x080020e4       0x78 ./Drivers/BSP/STM32746G_DISCOVERY/stm32746g_discovery_lcd.o
 .text.BSP_LCD_GetXSize
                0x0800215c       0x18 ./Drivers/BSP/STM32746G_DISCOVERY/stm32746g_discovery_lcd.o
                0x0800215c                BSP_LCD_GetXSize
 .text.BSP_LCD_GetYSize
                0x08002174       0x18 ./Drivers/BSP/STM32746G_DISCOVERY/stm32746g_discovery_lcd.o
                0x08002174                BSP_LCD_GetYSize
 .text.BSP_LCD_LayerDefaultInit
                0x0800218c       0x78 ./Drivers/BSP/STM32746G_DISCOVERY/stm32746g_discovery_lcd.o
                0x0800218c                BSP_LCD_LayerDefaultInit
 .text.BSP_LCD_SelectLayer
                0x08002204        0xc ./Drivers/BSP/STM32746G_DISCOVERY/stm32746g_discovery_lcd.o
                0x08002204                BSP_LCD_SelectLayer
 .text.BSP_LCD_SetTextColor
                0x08002210       0x18 ./Drivers/BSP/STM32746G_DISCOVERY/stm32746g_discovery_lcd.o
                0x08002210                BSP_LCD_SetTextColor
 .text.BSP_LCD_SetBackColor
                0x08002228       0x18 ./Drivers/BSP/STM32746G_DISCOVERY/stm32746g_discovery_lcd.o
                0x08002228                BSP_LCD_SetBackColor
 .text.BSP_LCD_SetFont
                0x08002240       0x18 ./Drivers/BSP/STM32746G_DISCOVERY/stm32746g_discovery_lcd.o
                0x08002240                BSP_LCD_SetFont
 .text.BSP_LCD_GetFont
                0x08002258       0x18 ./Drivers/BSP/STM32746G_DISCOVERY/stm32746g_discovery_lcd.o
                0x08002258                BSP_LCD_GetFont
 .text.BSP_LCD_Clear
                0x08002270       0x38 ./Drivers/BSP/STM32746G_DISCOVERY/stm32746g_discovery_lcd.o
                0x08002270                BSP_LCD_Clear
 .text.BSP_LCD_DrawHLine
                0x080022a8       0x5c ./Drivers/BSP/STM32746G_DISCOVERY/stm32746g_discovery_lcd.o
                0x080022a8                BSP_LCD_DrawHLine
 .text.BSP_LCD_DrawVLine
                0x08002304       0x60 ./Drivers/BSP/STM32746G_DISCOVERY/stm32746g_discovery_lcd.o
                0x08002304                BSP_LCD_DrawVLine
 .text.BSP_LCD_DrawRect
                0x08002364       0x34 ./Drivers/BSP/STM32746G_DISCOVERY/stm32746g_discovery_lcd.o
                0x08002364                BSP_LCD_DrawRect
 .text.BSP_LCD_DrawPixel
                0x08002398       0x40 ./Drivers/BSP/STM32746G_DISCOVERY/stm32746g_discovery_lcd.o
                0x08002398                BSP_LCD_DrawPixel
 .text.BSP_LCD_DisplayChar
                0x080023d8       0xb8 ./Drivers/BSP/STM32746G_DISCOVERY/stm32746g_discovery_lcd.o
                0x080023d8                BSP_LCD_DisplayChar
 .text.BSP_LCD_DisplayStringAt
                0x08002490       0xa8 ./Drivers/BSP/STM32746G_DISCOVERY/stm32746g_discovery_lcd.o
                0x08002490                BSP_LCD_DisplayStringAt
 .text.BSP_LCD_DisplayStringAtLine
                0x08002538       0x20 ./Drivers/BSP/STM32746G_DISCOVERY/stm32746g_discovery_lcd.o
                0x08002538                BSP_LCD_DisplayStringAtLine
 .text.BSP_LCD_FillRect
                0x08002558       0x78 ./Drivers/BSP/STM32746G_DISCOVERY/stm32746g_discovery_lcd.o
                0x08002558                BSP_LCD_FillRect
 .text.BSP_LCD_MspInit
                0x080025d0      0x148 ./Drivers/BSP/STM32746G_DISCOVERY/stm32746g_discovery_lcd.o
                0x080025d0                BSP_LCD_MspInit
 .text.BSP_LCD_ClockConfig
                0x08002718       0x24 ./Drivers/BSP/STM32746G_DISCOVERY/stm32746g_discovery_lcd.o
                0x08002718                BSP_LCD_ClockConfig
 .text.BSP_LCD_Init
                0x0800273c       0xb0 ./Drivers/BSP/STM32746G_DISCOVERY/stm32746g_discovery_lcd.o
                0x0800273c                BSP_LCD_Init
 .text.BSP_SDRAM_Initialization_sequence
                0x080027ec       0x90 ./Drivers/BSP/STM32746G_DISCOVERY/stm32746g_discovery_sdram.o
                0x080027ec                BSP_SDRAM_Initialization_sequence
 .text.BSP_SDRAM_MspInit
                0x0800287c      0x17c ./Drivers/BSP/STM32746G_DISCOVERY/stm32746g_discovery_sdram.o
                0x0800287c                BSP_SDRAM_MspInit
 .text.BSP_SDRAM_Init
                0x080029f8       0x7c ./Drivers/BSP/STM32746G_DISCOVERY/stm32746g_discovery_sdram.o
                0x080029f8                BSP_SDRAM_Init
 .text.SystemInit
                0x08002a74       0x4c ./Drivers/CMSIS/system_stm32f7xx.o
                0x08002a74                SystemInit
 .text.HAL_MspInit
                0x08002ac0        0x2 ./Drivers/STM32F7xx_HAL_Driver/stm32f7xx_hal.o
                0x08002ac0                HAL_MspInit
 *fill*         0x08002ac2        0x2 
 .text.HAL_InitTick
                0x08002ac4       0x44 ./Drivers/STM32F7xx_HAL_Driver/stm32f7xx_hal.o
                0x08002ac4                HAL_InitTick
 .text.HAL_Init
                0x08002b08       0x2c ./Drivers/STM32F7xx_HAL_Driver/stm32f7xx_hal.o
                0x08002b08                HAL_Init
 .text.HAL_IncTick
                0x08002b34       0x18 ./Drivers/STM32F7xx_HAL_Driver/stm32f7xx_hal.o
                0x08002b34                HAL_IncTick
 .text.HAL_GetTick
                0x08002b4c        0xc ./Drivers/STM32F7xx_HAL_Driver/stm32f7xx_hal.o
                0x08002b4c                HAL_GetTick
 .text.HAL_Delay
                0x08002b58       0x24 ./Drivers/STM32F7xx_HAL_Driver/stm32f7xx_hal.o
                0x08002b58                HAL_Delay
 .text.HAL_NVIC_SetPriorityGrouping
                0x08002b7c       0x24 ./Drivers/STM32F7xx_HAL_Driver/stm32f7xx_hal_cortex.o
                0x08002b7c                HAL_NVIC_SetPriorityGrouping
 .text.HAL_NVIC_SetPriority
                0x08002ba0       0x64 ./Drivers/STM32F7xx_HAL_Driver/stm32f7xx_hal_cortex.o
                0x08002ba0                HAL_NVIC_SetPriority
 .text.HAL_NVIC_EnableIRQ
                0x08002c04       0x1c ./Drivers/STM32F7xx_HAL_Driver/stm32f7xx_hal_cortex.o
                0x08002c04                HAL_NVIC_EnableIRQ
 .text.HAL_SYSTICK_Config
                0x08002c20       0x28 ./Drivers/STM32F7xx_HAL_Driver/stm32f7xx_hal_cortex.o
                0x08002c20                HAL_SYSTICK_Config
 .text.HAL_MPU_Disable
                0x08002c48       0x1c ./Drivers/STM32F7xx_HAL_Driver/stm32f7xx_hal_cortex.o
                0x08002c48                HAL_MPU_Disable
 .text.HAL_MPU_Enable
                0x08002c64       0x20 ./Drivers/STM32F7xx_HAL_Driver/stm32f7xx_hal_cortex.o
                0x08002c64                HAL_MPU_Enable
 .text.HAL_MPU_ConfigRegion
                0x08002c84       0x58 ./Drivers/STM32F7xx_HAL_Driver/stm32f7xx_hal_cortex.o
                0x08002c84                HAL_MPU_ConfigRegion
 .text.DMA_CalcBaseAndBitshift
                0x08002cdc       0x2c ./Drivers/STM32F7xx_HAL_Driver/stm32f7xx_hal_dma.o
 .text.HAL_DMA_Init
                0x08002d08       0xfc ./Drivers/STM32F7xx_HAL_Driver/stm32f7xx_hal_dma.o
                0x08002d08                HAL_DMA_Init
 .text.HAL_DMA_DeInit
                0x08002e04       0x54 ./Drivers/STM32F7xx_HAL_Driver/stm32f7xx_hal_dma.o
                0x08002e04                HAL_DMA_DeInit
 .text.HAL_DMA_Start_IT
                0x08002e58       0x7a ./Drivers/STM32F7xx_HAL_Driver/stm32f7xx_hal_dma.o
                0x08002e58                HAL_DMA_Start_IT
 .text.HAL_DMA_Abort
                0x08002ed2       0x7c ./Drivers/STM32F7xx_HAL_Driver/stm32f7xx_hal_dma.o
                0x08002ed2                HAL_DMA_Abort
 *fill*         0x08002f4e        0x2 
 .text.HAL_DMA_IRQHandler
                0x08002f50      0x17c ./Drivers/STM32F7xx_HAL_Driver/stm32f7xx_hal_dma.o
                0x08002f50                HAL_DMA_IRQHandler
 .text.DMA2D_SetConfig
                0x080030cc       0x86 ./Drivers/STM32F7xx_HAL_Driver/stm32f7xx_hal_dma2d.o
 .text.HAL_DMA2D_MspInit
                0x08003152        0x2 ./Drivers/STM32F7xx_HAL_Driver/stm32f7xx_hal_dma2d.o
                0x08003152                HAL_DMA2D_MspInit
 .text.HAL_DMA2D_Init
                0x08003154       0x58 ./Drivers/STM32F7xx_HAL_Driver/stm32f7xx_hal_dma2d.o
                0x08003154                HAL_DMA2D_Init
 .text.HAL_DMA2D_Start
                0x080031ac       0x34 ./Drivers/STM32F7xx_HAL_Driver/stm32f7xx_hal_dma2d.o
                0x080031ac                HAL_DMA2D_Start
 .text.HAL_DMA2D_PollForTransfer
                0x080031e0       0xfa ./Drivers/STM32F7xx_HAL_Driver/stm32f7xx_hal_dma2d.o
                0x080031e0                HAL_DMA2D_PollForTransfer
 *fill*         0x080032da        0x2 
 .text.HAL_DMA2D_ConfigLayer
                0x080032dc       0x8c ./Drivers/STM32F7xx_HAL_Driver/stm32f7xx_hal_dma2d.o
                0x080032dc                HAL_DMA2D_ConfigLayer
 .text.HAL_GPIO_Init
                0x08003368      0x1c8 ./Drivers/STM32F7xx_HAL_Driver/stm32f7xx_hal_gpio.o
                0x08003368                HAL_GPIO_Init
 .text.HAL_GPIO_ReadPin
                0x08003530        0xc ./Drivers/STM32F7xx_HAL_Driver/stm32f7xx_hal_gpio.o
                0x08003530                HAL_GPIO_ReadPin
 .text.HAL_GPIO_WritePin
                0x0800353c        0xa ./Drivers/STM32F7xx_HAL_Driver/stm32f7xx_hal_gpio.o
                0x0800353c                HAL_GPIO_WritePin
 *fill*         0x08003546        0x2 
 .text.HAL_GPIO_EXTI_IRQHandler
                0x08003548       0x18 ./Drivers/STM32F7xx_HAL_Driver/stm32f7xx_hal_gpio.o
                0x08003548                HAL_GPIO_EXTI_IRQHandler
 .text.I2C_Flush_TXDR
                0x08003560       0x1c ./Drivers/STM32F7xx_HAL_Driver/stm32f7xx_hal_i2c.o
 .text.I2C_TransferConfig
                0x0800357c       0x2c ./Drivers/STM32F7xx_HAL_Driver/stm32f7xx_hal_i2c.o
 .text.I2C_IsErrorOccurred
                0x080035a8      0x100 ./Drivers/STM32F7xx_HAL_Driver/stm32f7xx_hal_i2c.o
 .text.I2C_WaitOnTXISFlagUntilTimeout
                0x080036a8       0x56 ./Drivers/STM32F7xx_HAL_Driver/stm32f7xx_hal_i2c.o
 .text.I2C_WaitOnFlagUntilTimeout
                0x080036fe       0x76 ./Drivers/STM32F7xx_HAL_Driver/stm32f7xx_hal_i2c.o
 .text.I2C_WaitOnSTOPFlagUntilTimeout
                0x08003774       0x52 ./Drivers/STM32F7xx_HAL_Driver/stm32f7xx_hal_i2c.o
 .text.HAL_I2C_MspInit
                0x080037c6        0x2 ./Drivers/STM32F7xx_HAL_Driver/stm32f7xx_hal_i2c.o
                0x080037c6                HAL_I2C_MspInit
 .text.HAL_I2C_Init
                0x080037c8       0xaa ./Drivers/STM32F7xx_HAL_Driver/stm32f7xx_hal_i2c.o
                0x080037c8                HAL_I2C_Init
 .text.HAL_I2C_MspDeInit
                0x08003872        0x2 ./Drivers/STM32F7xx_HAL_Driver/stm32f7xx_hal_i2c.o
                0x08003872                HAL_I2C_MspDeInit
 .text.HAL_I2C_DeInit
                0x08003874       0x32 ./Drivers/STM32F7xx_HAL_Driver/stm32f7xx_hal_i2c.o
                0x08003874                HAL_I2C_DeInit
 *fill*         0x080038a6        0x2 
 .text.HAL_I2C_Mem_Write
                0x080038a8      0x1b4 ./Drivers/STM32F7xx_HAL_Driver/stm32f7xx_hal_i2c.o
                0x080038a8                HAL_I2C_Mem_Write
 .text.HAL_I2C_Mem_Read
                0x08003a5c      0x1bc ./Drivers/STM32F7xx_HAL_Driver/stm32f7xx_hal_i2c.o
                0x08003a5c                HAL_I2C_Mem_Read
 .text.HAL_I2C_GetState
                0x08003c18        0x6 ./Drivers/STM32F7xx_HAL_Driver/stm32f7xx_hal_i2c.o
                0x08003c18                HAL_I2C_GetState
 .text.LTDC_SetConfig
                0x08003c1e      0x10c ./Drivers/STM32F7xx_HAL_Driver/stm32f7xx_hal_ltdc.o
 .text.HAL_LTDC_MspInit
                0x08003d2a        0x2 ./Drivers/STM32F7xx_HAL_Driver/stm32f7xx_hal_ltdc.o
                0x08003d2a                HAL_LTDC_MspInit
 .text.HAL_LTDC_Init
                0x08003d2c       0xd8 ./Drivers/STM32F7xx_HAL_Driver/stm32f7xx_hal_ltdc.o
                0x08003d2c                HAL_LTDC_Init
 .text.HAL_LTDC_ConfigLayer
                0x08003e04       0x5a ./Drivers/STM32F7xx_HAL_Driver/stm32f7xx_hal_ltdc.o
                0x08003e04                HAL_LTDC_ConfigLayer
 .text.HAL_LTDC_GetState
                0x08003e5e        0x6 ./Drivers/STM32F7xx_HAL_Driver/stm32f7xx_hal_ltdc.o
                0x08003e5e                HAL_LTDC_GetState
 .text.HAL_PWREx_EnableOverDrive
                0x08003e64       0x70 ./Drivers/STM32F7xx_HAL_Driver/stm32f7xx_hal_pwr_ex.o
                0x08003e64                HAL_PWREx_EnableOverDrive
 .text.HAL_RCC_OscConfig
                0x08003ed4      0x374 ./Drivers/STM32F7xx_HAL_Driver/stm32f7xx_hal_rcc.o
                0x08003ed4                HAL_RCC_OscConfig
 .text.HAL_RCC_GetSysClockFreq
                0x08004248       0x5c ./Drivers/STM32F7xx_HAL_Driver/stm32f7xx_hal_rcc.o
                0x08004248                HAL_RCC_GetSysClockFreq
 .text.HAL_RCC_ClockConfig
                0x080042a4      0x13c ./Drivers/STM32F7xx_HAL_Driver/stm32f7xx_hal_rcc.o
                0x080042a4                HAL_RCC_ClockConfig
 .text.HAL_RCCEx_PeriphCLKConfig
                0x080043e0      0x514 ./Drivers/STM32F7xx_HAL_Driver/stm32f7xx_hal_rcc_ex.o
                0x080043e0                HAL_RCCEx_PeriphCLKConfig
 .text.HAL_RCCEx_GetPeriphCLKConfig
                0x080048f4      0x158 ./Drivers/STM32F7xx_HAL_Driver/stm32f7xx_hal_rcc_ex.o
                0x080048f4                HAL_RCCEx_GetPeriphCLKConfig
 .text.HAL_RCCEx_GetPeriphCLKFreq
                0x08004a4c       0xd0 ./Drivers/STM32F7xx_HAL_Driver/stm32f7xx_hal_rcc_ex.o
                0x08004a4c                HAL_RCCEx_GetPeriphCLKFreq
 .text.SAI_InterruptFlag
                0x08004b1c       0x2c ./Drivers/STM32F7xx_HAL_Driver/stm32f7xx_hal_sai.o
 .text.SAI_Disable.isra.0
                0x08004b48       0x38 ./Drivers/STM32F7xx_HAL_Driver/stm32f7xx_hal_sai.o
 .text.HAL_SAI_MspInit
                0x08004b80        0x2 ./Drivers/STM32F7xx_HAL_Driver/stm32f7xx_hal_sai.o
                0x08004b80                HAL_SAI_MspInit
 *fill*         0x08004b82        0x2 
 .text.HAL_SAI_Init
                0x08004b84      0x1b8 ./Drivers/STM32F7xx_HAL_Driver/stm32f7xx_hal_sai.o
                0x08004b84                HAL_SAI_Init
 .text.HAL_SAI_MspDeInit
                0x08004d3c        0x2 ./Drivers/STM32F7xx_HAL_Driver/stm32f7xx_hal_sai.o
                0x08004d3c                HAL_SAI_MspDeInit
 .text.HAL_SAI_DeInit
                0x08004d3e       0x3c ./Drivers/STM32F7xx_HAL_Driver/stm32f7xx_hal_sai.o
                0x08004d3e                HAL_SAI_DeInit
 .text.HAL_SAI_DMAStop
                0x08004d7a       0x92 ./Drivers/STM32F7xx_HAL_Driver/stm32f7xx_hal_sai.o
                0x08004d7a                HAL_SAI_DMAStop
 .text.HAL_SAI_Transmit_DMA
                0x08004e0c       0xd8 ./Drivers/STM32F7xx_HAL_Driver/stm32f7xx_hal_sai.o
                0x08004e0c                HAL_SAI_Transmit_DMA
 .text.HAL_SAI_Receive_DMA
                0x08004ee4       0x9c ./Drivers/STM32F7xx_HAL_Driver/stm32f7xx_hal_sai.o
                0x08004ee4                HAL_SAI_Receive_DMA
 .text.SAI_DMATxCplt
                0x08004f80       0x38 ./Drivers/STM32F7xx_HAL_Driver/stm32f7xx_hal_sai.o
 .text.SAI_DMATxHalfCplt
                0x08004fb8        0xa ./Drivers/STM32F7xx_HAL_Driver/stm32f7xx_hal_sai.o
 .text.SAI_DMARxCplt
                0x08004fc2       0x38 ./Drivers/STM32F7xx_HAL_Driver/stm32f7xx_hal_sai.o
 .text.SAI_DMARxHalfCplt
                0x08004ffa        0xa ./Drivers/STM32F7xx_HAL_Driver/stm32f7xx_hal_sai.o
 .text.SAI_DMAError
                0x08005004       0x40 ./Drivers/STM32F7xx_HAL_Driver/stm32f7xx_hal_sai.o
 .text.HAL_SAI_GetState
                0x08005044        0x6 ./Drivers/STM32F7xx_HAL_Driver/stm32f7xx_hal_sai.o
                0x08005044                HAL_SAI_GetState
 .text.HAL_SDRAM_MspInit
                0x0800504a        0x2 ./Drivers/STM32F7xx_HAL_Driver/stm32f7xx_hal_sdram.o
                0x0800504a                HAL_SDRAM_MspInit
 .text.HAL_SDRAM_Init
                0x0800504c       0x40 ./Drivers/STM32F7xx_HAL_Driver/stm32f7xx_hal_sdram.o
                0x0800504c                HAL_SDRAM_Init
 .text.HAL_SDRAM_SendCommand
                0x0800508c       0x3e ./Drivers/STM32F7xx_HAL_Driver/stm32f7xx_hal_sdram.o
                0x0800508c                HAL_SDRAM_SendCommand
 .text.HAL_SDRAM_ProgramRefreshRate
                0x080050ca       0x30 ./Drivers/STM32F7xx_HAL_Driver/stm32f7xx_hal_sdram.o
                0x080050ca                HAL_SDRAM_ProgramRefreshRate
 .text.FMC_SDRAM_Init
                0x080050fa       0x70 ./Drivers/STM32F7xx_HAL_Driver/stm32f7xx_ll_fmc.o
                0x080050fa                FMC_SDRAM_Init
 .text.FMC_SDRAM_Timing_Init
                0x0800516a       0x6c ./Drivers/STM32F7xx_HAL_Driver/stm32f7xx_ll_fmc.o
                0x0800516a                FMC_SDRAM_Timing_Init
 .text.FMC_SDRAM_SendCommand
                0x080051d6       0x24 ./Drivers/STM32F7xx_HAL_Driver/stm32f7xx_ll_fmc.o
                0x080051d6                FMC_SDRAM_SendCommand
 .text.FMC_SDRAM_ProgramRefreshRate
                0x080051fa       0x14 ./Drivers/STM32F7xx_HAL_Driver/stm32f7xx_ll_fmc.o
                0x080051fa                FMC_SDRAM_ProgramRefreshRate
 *fill*         0x0800520e        0x2 
 .text.Reset_Handler
                0x08005210       0x50 ./Example/SW4STM32/startup_stm32f746xx.o
                0x08005210                Reset_Handler
 .text.Default_Handler
                0x08005260        0x2 ./Example/SW4STM32/startup_stm32f746xx.o
                0x08005260                RTC_Alarm_IRQHandler
                0x08005260                TIM8_CC_IRQHandler
                0x08005260                UART8_IRQHandler
                0x08005260                SPI4_IRQHandler
                0x08005260                TIM1_CC_IRQHandler
                0x08005260                DMA2_Stream5_IRQHandler
                0x08005260                DMA1_Stream5_IRQHandler
                0x08005260                PVD_IRQHandler
                0x08005260                TAMP_STAMP_IRQHandler
                0x08005260                CAN2_RX1_IRQHandler
                0x08005260                EXTI3_IRQHandler
                0x08005260                TIM8_TRG_COM_TIM14_IRQHandler
                0x08005260                TIM1_UP_TIM10_IRQHandler
                0x08005260                TIM8_UP_TIM13_IRQHandler
                0x08005260                I2C3_ER_IRQHandler
                0x08005260                I2C2_EV_IRQHandler
                0x08005260                DMA1_Stream2_IRQHandler
                0x08005260                CAN1_RX0_IRQHandler
                0x08005260                FPU_IRQHandler
                0x08005260                OTG_HS_WKUP_IRQHandler
                0x08005260                LTDC_ER_IRQHandler
                0x08005260                CAN2_SCE_IRQHandler
                0x08005260                DMA2_Stream2_IRQHandler
                0x08005260                SPI1_IRQHandler
                0x08005260                TIM6_DAC_IRQHandler
                0x08005260                TIM1_BRK_TIM9_IRQHandler
                0x08005260                CAN2_RX0_IRQHandler
                0x08005260                DMA2_Stream3_IRQHandler
                0x08005260                SAI2_IRQHandler
                0x08005260                USART6_IRQHandler
                0x08005260                USART3_IRQHandler
                0x08005260                CAN1_RX1_IRQHandler
                0x08005260                UART5_IRQHandler
                0x08005260                TIM4_IRQHandler
                0x08005260                QUADSPI_IRQHandler
                0x08005260                I2C1_EV_IRQHandler
                0x08005260                DMA1_Stream6_IRQHandler
                0x08005260                DMA1_Stream1_IRQHandler
                0x08005260                UART4_IRQHandler
                0x08005260                TIM3_IRQHandler
                0x08005260                RCC_IRQHandler
                0x08005260                TIM8_BRK_TIM12_IRQHandler
                0x08005260                Default_Handler
                0x08005260                CEC_IRQHandler
                0x08005260                ADC_IRQHandler
                0x08005260                DMA1_Stream7_IRQHandler
                0x08005260                SPI5_IRQHandler
                0x08005260                TIM7_IRQHandler
                0x08005260                SDMMC1_IRQHandler
                0x08005260                CAN2_TX_IRQHandler
                0x08005260                TIM5_IRQHandler
                0x08005260                I2C3_EV_IRQHandler
                0x08005260                EXTI9_5_IRQHandler
                0x08005260                RTC_WKUP_IRQHandler
                0x08005260                LTDC_IRQHandler
                0x08005260                ETH_WKUP_IRQHandler
                0x08005260                SPDIF_RX_IRQHandler
                0x08005260                SPI2_IRQHandler
                0x08005260                OTG_HS_EP1_IN_IRQHandler
                0x08005260                DMA1_Stream0_IRQHandler
                0x08005260                CAN1_TX_IRQHandler
                0x08005260                EXTI4_IRQHandler
                0x08005260                RNG_IRQHandler
                0x08005260                ETH_IRQHandler
                0x08005260                OTG_HS_EP1_OUT_IRQHandler
                0x08005260                WWDG_IRQHandler
                0x08005260                SPI6_IRQHandler
                0x08005260                I2C4_EV_IRQHandler
                0x08005260                TIM2_IRQHandler
                0x08005260                OTG_FS_WKUP_IRQHandler
                0x08005260                TIM1_TRG_COM_TIM11_IRQHandler
                0x08005260                OTG_HS_IRQHandler
                0x08005260                DMA2D_IRQHandler
                0x08005260                EXTI1_IRQHandler
                0x08005260                UART7_IRQHandler
                0x08005260                USART2_IRQHandler
                0x08005260                I2C2_ER_IRQHandler
                0x08005260                CAN1_SCE_IRQHandler
                0x08005260                FLASH_IRQHandler
                0x08005260                USART1_IRQHandler
                0x08005260                OTG_FS_IRQHandler
                0x08005260                SPI3_IRQHandler
                0x08005260                DMA1_Stream4_IRQHandler
                0x08005260                I2C1_ER_IRQHandler
                0x08005260                FMC_IRQHandler
                0x08005260                LPTIM1_IRQHandler
                0x08005260                I2C4_ER_IRQHandler
                0x08005260                DMA2_Stream6_IRQHandler
                0x08005260                SAI1_IRQHandler
                0x08005260                DMA1_Stream3_IRQHandler
 *fill*         0x08005262        0x2 
 .text.GetData  0x08005264       0x24 ./Example/User/audio_play.o
 .text.SCB_CleanDCache_by_Addr.constprop.0
                0x08005288       0x24 ./Example/User/audio_play.o
 .text.AUDIO_Start
                0x080052ac       0x4c ./Example/User/audio_play.o
                0x080052ac                AUDIO_Start
 .text.AUDIO_Process
                0x080052f8       0x98 ./Example/User/audio_play.o
                0x080052f8                AUDIO_Process
 .text.BSP_AUDIO_OUT_TransferComplete_CallBack
                0x08005390       0x14 ./Example/User/audio_play.o
                0x08005390                BSP_AUDIO_OUT_TransferComplete_CallBack
 .text.BSP_AUDIO_OUT_HalfTransfer_CallBack
                0x080053a4       0x18 ./Example/User/audio_play.o
                0x080053a4                BSP_AUDIO_OUT_HalfTransfer_CallBack
 .text.BSP_AUDIO_OUT_Error_CallBack
                0x080053bc       0x24 ./Example/User/audio_play.o
                0x080053bc                BSP_AUDIO_OUT_Error_CallBack
 .text.Setup    0x080053e0      0x208 ./Example/User/audio_rec.o
                0x080053e0                Setup
 .text.Start_Audio
                0x080055e8       0x40 ./Example/User/audio_rec.o
                0x080055e8                Start_Audio
 .text.AudioRec_demo
                0x08005628        0xe ./Example/User/audio_rec.o
                0x08005628                AudioRec_demo
 *fill*         0x08005636        0x2 
 .text.AudioRec_vibrato
                0x08005638       0x9c ./Example/User/audio_rec.o
                0x08005638                AudioRec_vibrato
 .text.AudioRec_nightcore
                0x080056d4       0x38 ./Example/User/audio_rec.o
                0x080056d4                AudioRec_nightcore
 .text.AudioRec_reverb
                0x0800570c       0xe4 ./Example/User/audio_rec.o
                0x0800570c                AudioRec_reverb
 .text.AudioRec_distortion
                0x080057f0       0x44 ./Example/User/audio_rec.o
                0x080057f0                AudioRec_distortion
 .text.BSP_AUDIO_IN_TransferComplete_CallBack
                0x08005834        0xc ./Example/User/audio_rec.o
                0x08005834                BSP_AUDIO_IN_TransferComplete_CallBack
 .text.BSP_AUDIO_IN_HalfTransfer_CallBack
                0x08005840        0xc ./Example/User/audio_rec.o
                0x08005840                BSP_AUDIO_IN_HalfTransfer_CallBack
 .text.BSP_AUDIO_IN_Error_CallBack
                0x0800584c       0x34 ./Example/User/audio_rec.o
                0x0800584c                BSP_AUDIO_IN_Error_CallBack
 .text.Display_DemoDescription
                0x08005880       0xf8 ./Example/User/main.o
 .text.startup.main
                0x08005978      0x214 ./Example/User/main.o
                0x08005978                main
 .text.CheckForUserInput
                0x08005b8c       0x1e ./Example/User/main.o
                0x08005b8c                CheckForUserInput
 *fill*         0x08005baa        0x2 
 .text.HAL_GPIO_EXTI_Callback
                0x08005bac       0x24 ./Example/User/main.o
                0x08005bac                HAL_GPIO_EXTI_Callback
 .text.NMI_Handler
                0x08005bd0        0x2 ./Example/User/stm32f7xx_it.o
                0x08005bd0                NMI_Handler
 .text.HardFault_Handler
                0x08005bd2        0x2 ./Example/User/stm32f7xx_it.o
                0x08005bd2                HardFault_Handler
 .text.MemManage_Handler
                0x08005bd4        0x2 ./Example/User/stm32f7xx_it.o
                0x08005bd4                MemManage_Handler
 .text.BusFault_Handler
                0x08005bd6        0x2 ./Example/User/stm32f7xx_it.o
                0x08005bd6                BusFault_Handler
 .text.UsageFault_Handler
                0x08005bd8        0x2 ./Example/User/stm32f7xx_it.o
                0x08005bd8                UsageFault_Handler
 .text.SVC_Handler
                0x08005bda        0x2 ./Example/User/stm32f7xx_it.o
                0x08005bda                SVC_Handler
 .text.DebugMon_Handler
                0x08005bdc        0x2 ./Example/User/stm32f7xx_it.o
                0x08005bdc                DebugMon_Handler
 .text.PendSV_Handler
                0x08005bde        0x2 ./Example/User/stm32f7xx_it.o
                0x08005bde                PendSV_Handler
 .text.SysTick_Handler
                0x08005be0        0x4 ./Example/User/stm32f7xx_it.o
                0x08005be0                SysTick_Handler
 .text.EXTI0_IRQHandler
                0x08005be4        0x8 ./Example/User/stm32f7xx_it.o
                0x08005be4                EXTI0_IRQHandler
 .text.EXTI2_IRQHandler
                0x08005bec        0x6 ./Example/User/stm32f7xx_it.o
                0x08005bec                EXTI2_IRQHandler
 *fill*         0x08005bf2        0x2 
 .text.EXTI15_10_IRQHandler
                0x08005bf4       0x18 ./Example/User/stm32f7xx_it.o
                0x08005bf4                EXTI15_10_IRQHandler
 .text.DMA2_Stream7_IRQHandler
                0x08005c0c        0xc ./Example/User/stm32f7xx_it.o
                0x08005c0c                DMA2_Stream7_IRQHandler
 .text.DMA2_Stream0_IRQHandler
                0x08005c18        0xc ./Example/User/stm32f7xx_it.o
                0x08005c18                DMA2_Stream0_IRQHandler
 .text.DMA2_Stream1_IRQHandler
                0x08005c24        0x2 ./Example/User/stm32f7xx_it.o
                0x08005c24                DMA2_Stream1_IRQHandler
 *fill*         0x08005c26        0x2 
 .text.DMA2_Stream4_IRQHandler
                0x08005c28        0xc ./Example/User/stm32f7xx_it.o
                0x08005c28                DMA2_Stream4_IRQHandler
 .text.DCMI_IRQHandler
                0x08005c34        0x2 ./Example/User/stm32f7xx_it.o
                0x08005c34                DCMI_IRQHandler
 *fill*         0x08005c36        0x2 
 .text.__libc_init_array
                0x08005c38       0x48 C:/ST/STM32CubeIDE_1.16.0/STM32CubeIDE/plugins/com.st.stm32cube.ide.mcu.externaltools.gnu-tools-for-stm32.12.3.rel1.win32_1.0.200.202406191623/tools/bin/../lib/gcc/arm-none-eabi/12.3.1/../../../../arm-none-eabi/lib/thumb/v7e-m+fp/hard\libc_nano.a(libc_a-init.o)
                0x08005c38                __libc_init_array
 .text.strcpy   0x08005c80       0x10 C:/ST/STM32CubeIDE_1.16.0/STM32CubeIDE/plugins/com.st.stm32cube.ide.mcu.externaltools.gnu-tools-for-stm32.12.3.rel1.win32_1.0.200.202406191623/tools/bin/../lib/gcc/arm-none-eabi/12.3.1/../../../../arm-none-eabi/lib/thumb/v7e-m+fp/hard\libc_nano.a(libc_a-strcpy.o)
                0x08005c80                strcpy
 .text.memcpy   0x08005c90       0x1c C:/ST/STM32CubeIDE_1.16.0/STM32CubeIDE/plugins/com.st.stm32cube.ide.mcu.externaltools.gnu-tools-for-stm32.12.3.rel1.win32_1.0.200.202406191623/tools/bin/../lib/gcc/arm-none-eabi/12.3.1/../../../../arm-none-eabi/lib/thumb/v7e-m+fp/hard\libc_nano.a(libc_a-memcpy-stub.o)
                0x08005c90                memcpy
 *fill*         0x08005cac        0x4 
 .text.sin      0x08005cb0       0xa8 C:/ST/STM32CubeIDE_1.16.0/STM32CubeIDE/plugins/com.st.stm32cube.ide.mcu.externaltools.gnu-tools-for-stm32.12.3.rel1.win32_1.0.200.202406191623/tools/bin/../lib/gcc/arm-none-eabi/12.3.1/../../../../arm-none-eabi/lib/thumb/v7e-m+fp/hard\libm.a(libm_a-s_sin.o)
                0x08005cb0                sin
 .text.__kernel_cos
                0x08005d58      0x18c C:/ST/STM32CubeIDE_1.16.0/STM32CubeIDE/plugins/com.st.stm32cube.ide.mcu.externaltools.gnu-tools-for-stm32.12.3.rel1.win32_1.0.200.202406191623/tools/bin/../lib/gcc/arm-none-eabi/12.3.1/../../../../arm-none-eabi/lib/thumb/v7e-m+fp/hard\libm.a(libm_a-k_cos.o)
                0x08005d58                __kernel_cos
 *fill*         0x08005ee4        0x4 
 .text.__kernel_sin
                0x08005ee8      0x174 C:/ST/STM32CubeIDE_1.16.0/STM32CubeIDE/plugins/com.st.stm32cube.ide.mcu.externaltools.gnu-tools-for-stm32.12.3.rel1.win32_1.0.200.202406191623/tools/bin/../lib/gcc/arm-none-eabi/12.3.1/../../../../arm-none-eabi/lib/thumb/v7e-m+fp/hard\libm.a(libm_a-k_sin.o)
                0x08005ee8                __kernel_sin
 *fill*         0x0800605c        0x4 
 .text.__ieee754_rem_pio2
                0x08006060      0x3f8 C:/ST/STM32CubeIDE_1.16.0/STM32CubeIDE/plugins/com.st.stm32cube.ide.mcu.externaltools.gnu-tools-for-stm32.12.3.rel1.win32_1.0.200.202406191623/tools/bin/../lib/gcc/arm-none-eabi/12.3.1/../../../../arm-none-eabi/lib/thumb/v7e-m+fp/hard\libm.a(libm_a-e_rem_pio2.o)
                0x08006060                __ieee754_rem_pio2
 .text.fabs     0x08006458       0x10 C:/ST/STM32CubeIDE_1.16.0/STM32CubeIDE/plugins/com.st.stm32cube.ide.mcu.externaltools.gnu-tools-for-stm32.12.3.rel1.win32_1.0.200.202406191623/tools/bin/../lib/gcc/arm-none-eabi/12.3.1/../../../../arm-none-eabi/lib/thumb/v7e-m+fp/hard\libm.a(libm_a-s_fabs.o)
                0x08006458                fabs
 .text.__kernel_rem_pio2
                0x08006468      0x6b0 C:/ST/STM32CubeIDE_1.16.0/STM32CubeIDE/plugins/com.st.stm32cube.ide.mcu.externaltools.gnu-tools-for-stm32.12.3.rel1.win32_1.0.200.202406191623/tools/bin/../lib/gcc/arm-none-eabi/12.3.1/../../../../arm-none-eabi/lib/thumb/v7e-m+fp/hard\libm.a(libm_a-k_rem_pio2.o)
                0x08006468                __kernel_rem_pio2
 .text.scalbn   0x08006b18       0xfc C:/ST/STM32CubeIDE_1.16.0/STM32CubeIDE/plugins/com.st.stm32cube.ide.mcu.externaltools.gnu-tools-for-stm32.12.3.rel1.win32_1.0.200.202406191623/tools/bin/../lib/gcc/arm-none-eabi/12.3.1/../../../../arm-none-eabi/lib/thumb/v7e-m+fp/hard\libm.a(libm_a-s_scalbn.o)
                0x08006b18                scalbn
 *fill*         0x08006c14        0x4 
 .text.floor    0x08006c18       0xf8 C:/ST/STM32CubeIDE_1.16.0/STM32CubeIDE/plugins/com.st.stm32cube.ide.mcu.externaltools.gnu-tools-for-stm32.12.3.rel1.win32_1.0.200.202406191623/tools/bin/../lib/gcc/arm-none-eabi/12.3.1/../../../../arm-none-eabi/lib/thumb/v7e-m+fp/hard\libm.a(libm_a-s_floor.o)
                0x08006c18                floor
 *(.glue_7)
 .glue_7        0x08006d10        0x0 linker stubs
 *(.glue_7t)
 .glue_7t       0x08006d10        0x0 linker stubs
 *(.eh_frame)
 .eh_frame      0x08006d10        0x0 C:/ST/STM32CubeIDE_1.16.0/STM32CubeIDE/plugins/com.st.stm32cube.ide.mcu.externaltools.gnu-tools-for-stm32.12.3.rel1.win32_1.0.200.202406191623/tools/bin/../lib/gcc/arm-none-eabi/12.3.1/thumb/v7e-m+fp/hard/crtbegin.o
 *(.init)
 .init          0x08006d10        0x4 C:/ST/STM32CubeIDE_1.16.0/STM32CubeIDE/plugins/com.st.stm32cube.ide.mcu.externaltools.gnu-tools-for-stm32.12.3.rel1.win32_1.0.200.202406191623/tools/bin/../lib/gcc/arm-none-eabi/12.3.1/thumb/v7e-m+fp/hard/crti.o
                0x08006d10                _init
 .init          0x08006d14        0x8 C:/ST/STM32CubeIDE_1.16.0/STM32CubeIDE/plugins/com.st.stm32cube.ide.mcu.externaltools.gnu-tools-for-stm32.12.3.rel1.win32_1.0.200.202406191623/tools/bin/../lib/gcc/arm-none-eabi/12.3.1/thumb/v7e-m+fp/hard/crtn.o
 *(.fini)
 .fini          0x08006d1c        0x4 C:/ST/STM32CubeIDE_1.16.0/STM32CubeIDE/plugins/com.st.stm32cube.ide.mcu.externaltools.gnu-tools-for-stm32.12.3.rel1.win32_1.0.200.202406191623/tools/bin/../lib/gcc/arm-none-eabi/12.3.1/thumb/v7e-m+fp/hard/crti.o
                0x08006d1c                _fini
 .fini          0x08006d20        0x8 C:/ST/STM32CubeIDE_1.16.0/STM32CubeIDE/plugins/com.st.stm32cube.ide.mcu.externaltools.gnu-tools-for-stm32.12.3.rel1.win32_1.0.200.202406191623/tools/bin/../lib/gcc/arm-none-eabi/12.3.1/thumb/v7e-m+fp/hard/crtn.o
                0x08006d28                        . = ALIGN (0x4)
                0x08006d28                        _etext = .

.vfp11_veneer   0x08006d28        0x0
 .vfp11_veneer  0x08006d28        0x0 linker stubs

.v4_bx          0x08006d28        0x0
 .v4_bx         0x08006d28        0x0 linker stubs

.iplt           0x08006d28        0x0
 .iplt          0x08006d28        0x0 C:/ST/STM32CubeIDE_1.16.0/STM32CubeIDE/plugins/com.st.stm32cube.ide.mcu.externaltools.gnu-tools-for-stm32.12.3.rel1.win32_1.0.200.202406191623/tools/bin/../lib/gcc/arm-none-eabi/12.3.1/thumb/v7e-m+fp/hard/crtbegin.o

.rodata         0x08006d28     0x4040
                0x08006d28                        . = ALIGN (0x4)
 *(.rodata)
 .rodata        0x08006d28       0x18 ./Drivers/BSP/STM32746G_DISCOVERY/stm32746g_discovery.o
                0x08006d28                BUTTON_PIN
                0x08006d2e                BUTTON_IRQn
                0x08006d34                COM_RX_AF
                0x08006d36                COM_TX_AF
                0x08006d38                COM_RX_PIN
                0x08006d3a                COM_TX_PIN
                0x08006d3c                GPIO_PIN
 .rodata        0x08006d40     0x3cdc ./Drivers/BSP/STM32746G_DISCOVERY/stm32746g_discovery_lcd.o
                0x08006d40                Font8_Table
                0x08007038                Font12_Table
                0x080074ac                Font16_Table
                0x0800808c                Font20_Table
                0x08008f64                Font24_Table
 .rodata        0x0800aa1c       0x18 ./Drivers/CMSIS/system_stm32f7xx.o
                0x0800aa1c                AHBPrescTable
                0x0800aa2c                APBPrescTable
 .rodata        0x0800aa34        0x8 ./Drivers/STM32F7xx_HAL_Driver/stm32f7xx_hal_dma.o
 .rodata        0x0800aa3c       0x28 ./Example/User/audio_rec.o
 *(.rodata*)
 .rodata.str1.1
                0x0800aa64       0x17 ./Example/User/audio_play.o
 .rodata.str1.1
                0x0800aa7b       0xbf ./Example/User/audio_rec.o
                                 0xd6 (size before relaxing)
 .rodata.str1.1
                0x0800ab3a       0x50 ./Example/User/main.o
 *fill*         0x0800ab8a        0x2 
 .rodata.npio2_hw
                0x0800ab8c       0x80 C:/ST/STM32CubeIDE_1.16.0/STM32CubeIDE/plugins/com.st.stm32cube.ide.mcu.externaltools.gnu-tools-for-stm32.12.3.rel1.win32_1.0.200.202406191623/tools/bin/../lib/gcc/arm-none-eabi/12.3.1/../../../../arm-none-eabi/lib/thumb/v7e-m+fp/hard\libm.a(libm_a-e_rem_pio2.o)
 .rodata.two_over_pi
                0x0800ac0c      0x108 C:/ST/STM32CubeIDE_1.16.0/STM32CubeIDE/plugins/com.st.stm32cube.ide.mcu.externaltools.gnu-tools-for-stm32.12.3.rel1.win32_1.0.200.202406191623/tools/bin/../lib/gcc/arm-none-eabi/12.3.1/../../../../arm-none-eabi/lib/thumb/v7e-m+fp/hard\libm.a(libm_a-e_rem_pio2.o)
 *fill*         0x0800ad14        0x4 
 .rodata.PIo2   0x0800ad18       0x40 C:/ST/STM32CubeIDE_1.16.0/STM32CubeIDE/plugins/com.st.stm32cube.ide.mcu.externaltools.gnu-tools-for-stm32.12.3.rel1.win32_1.0.200.202406191623/tools/bin/../lib/gcc/arm-none-eabi/12.3.1/../../../../arm-none-eabi/lib/thumb/v7e-m+fp/hard\libm.a(libm_a-k_rem_pio2.o)
 .rodata.init_jk
                0x0800ad58       0x10 C:/ST/STM32CubeIDE_1.16.0/STM32CubeIDE/plugins/com.st.stm32cube.ide.mcu.externaltools.gnu-tools-for-stm32.12.3.rel1.win32_1.0.200.202406191623/tools/bin/../lib/gcc/arm-none-eabi/12.3.1/../../../../arm-none-eabi/lib/thumb/v7e-m+fp/hard\libm.a(libm_a-k_rem_pio2.o)
                0x0800ad68                        . = ALIGN (0x4)

.ARM.extab
 *(.ARM.extab* .gnu.linkonce.armextab.*)

.ARM            0x0800ad68        0x8
                0x0800ad68                        __exidx_start = .
 *(.ARM.exidx*)
 .ARM.exidx     0x0800ad68        0x8 C:/ST/STM32CubeIDE_1.16.0/STM32CubeIDE/plugins/com.st.stm32cube.ide.mcu.externaltools.gnu-tools-for-stm32.12.3.rel1.win32_1.0.200.202406191623/tools/bin/../lib/gcc/arm-none-eabi/12.3.1/../../../../arm-none-eabi/lib/thumb/v7e-m+fp/hard\libc_nano.a(libc_a-strlen.o)
 .ARM.exidx     0x0800ad70        0x0 C:/ST/STM32CubeIDE_1.16.0/STM32CubeIDE/plugins/com.st.stm32cube.ide.mcu.externaltools.gnu-tools-for-stm32.12.3.rel1.win32_1.0.200.202406191623/tools/bin/../lib/gcc/arm-none-eabi/12.3.1/thumb/v7e-m+fp/hard\libgcc.a(_udivmoddi4.o)
                                  0x8 (size before relaxing)
                0x0800ad70                        __exidx_end = .

.rel.dyn        0x0800ad70        0x0
 .rel.iplt      0x0800ad70        0x0 C:/ST/STM32CubeIDE_1.16.0/STM32CubeIDE/plugins/com.st.stm32cube.ide.mcu.externaltools.gnu-tools-for-stm32.12.3.rel1.win32_1.0.200.202406191623/tools/bin/../lib/gcc/arm-none-eabi/12.3.1/thumb/v7e-m+fp/hard/crtbegin.o

.preinit_array  0x0800ad70        0x0
                0x0800ad70                        PROVIDE (__preinit_array_start = .)
 *(.preinit_array*)
                0x0800ad70                        PROVIDE (__preinit_array_end = .)

.init_array     0x0800ad70        0x4
                0x0800ad70                        PROVIDE (__init_array_start = .)
 *(SORT_BY_NAME(.init_array.*))
 *(.init_array*)
 .init_array    0x0800ad70        0x4 C:/ST/STM32CubeIDE_1.16.0/STM32CubeIDE/plugins/com.st.stm32cube.ide.mcu.externaltools.gnu-tools-for-stm32.12.3.rel1.win32_1.0.200.202406191623/tools/bin/../lib/gcc/arm-none-eabi/12.3.1/thumb/v7e-m+fp/hard/crtbegin.o
                0x0800ad74                        PROVIDE (__init_array_end = .)

.fini_array     0x0800ad74        0x4
                [!provide]                        PROVIDE (__fini_array_start = .)
 *(SORT_BY_NAME(.fini_array.*))
 *(.fini_array*)
 .fini_array    0x0800ad74        0x4 C:/ST/STM32CubeIDE_1.16.0/STM32CubeIDE/plugins/com.st.stm32cube.ide.mcu.externaltools.gnu-tools-for-stm32.12.3.rel1.win32_1.0.200.202406191623/tools/bin/../lib/gcc/arm-none-eabi/12.3.1/thumb/v7e-m+fp/hard/crtbegin.o
                [!provide]                        PROVIDE (__fini_array_end = .)
                0x0800ad78                        _sidata = LOADADDR (.data)

.data           0x20000000      0x1b4 load address 0x0800ad78
                0x20000000                        . = ALIGN (0x4)
                0x20000000                        _sdata = .
 *(.data)
 .data          0x20000000       0x34 ./Drivers/BSP/Components/wm8994.o
                0x20000004                wm8994_drv
 .data          0x20000034       0x18 ./Drivers/BSP/STM32746G_DISCOVERY/stm32746g_discovery.o
                0x20000034                BUTTON_PORT
                0x20000040                COM_TX_PORT
                0x20000044                COM_RX_PORT
                0x20000048                COM_USART
 .data          0x2000004c       0x28 ./Drivers/BSP/STM32746G_DISCOVERY/stm32746g_discovery_lcd.o
                0x2000004c                Font24
                0x20000054                Font8
                0x2000005c                Font12
                0x20000064                Font16
                0x2000006c                Font20
 .data          0x20000074        0x2 ./Drivers/BSP/STM32746G_DISCOVERY/stm32746g_discovery_sdram.o
 *fill*         0x20000076        0x2 
 .data          0x20000078        0x4 ./Drivers/CMSIS/system_stm32f7xx.o
                0x20000078                SystemCoreClock
 .data          0x2000007c        0x8 ./Drivers/STM32F7xx_HAL_Driver/stm32f7xx_hal.o
                0x2000007c                uwTickFreq
                0x20000080                uwTickPrio
 .data          0x20000084      0x12d ./Example/User/main.o
                0x20000084                BSP_examples
                0x200001b0                NbLoop
 *(.data*)
                0x200001b4                        . = ALIGN (0x4)
 *fill*         0x200001b1        0x3 
                0x200001b4                        _edata = .

.igot.plt       0x200001b4        0x0 load address 0x0800af2c
 .igot.plt      0x200001b4        0x0 C:/ST/STM32CubeIDE_1.16.0/STM32CubeIDE/plugins/com.st.stm32cube.ide.mcu.externaltools.gnu-tools-for-stm32.12.3.rel1.win32_1.0.200.202406191623/tools/bin/../lib/gcc/arm-none-eabi/12.3.1/thumb/v7e-m+fp/hard/crtbegin.o
                0x200001b4                        . = ALIGN (0x4)

.bss            0x200001c0    0x20e40 load address 0x0800af2c
                0x200001c0                        _sbss = .
                0x200001c0                        __bss_start__ = _sbss
 *(.bss)
 .bss           0x200001c0       0x1c C:/ST/STM32CubeIDE_1.16.0/STM32CubeIDE/plugins/com.st.stm32cube.ide.mcu.externaltools.gnu-tools-for-stm32.12.3.rel1.win32_1.0.200.202406191623/tools/bin/../lib/gcc/arm-none-eabi/12.3.1/thumb/v7e-m+fp/hard/crtbegin.o
 .bss           0x200001dc        0x8 ./Drivers/BSP/Components/wm8994.o
 .bss           0x200001e4       0xa8 ./Drivers/BSP/STM32746G_DISCOVERY/stm32746g_discovery.o
 .bss           0x2000028c      0x278 ./Drivers/BSP/STM32746G_DISCOVERY/stm32746g_discovery_audio.o
                0x2000028c                haudio_out_sai
                0x20000310                haudio_in_sai
                0x20000394                audio_drv
                0x200004b8                haudio_tim
 .bss           0x20000504      0x188 ./Drivers/BSP/STM32746G_DISCOVERY/stm32746g_discovery_lcd.o
                0x20000544                hLtdcHandler
 .bss           0x2000068c      0x120 ./Drivers/BSP/STM32746G_DISCOVERY/stm32746g_discovery_sdram.o
                0x2000069c                sdramHandle
 .bss           0x200007ac        0x4 ./Drivers/STM32F7xx_HAL_Driver/stm32f7xx_hal.o
                0x200007ac                uwTick
 *fill*         0x200007b0       0x10 
 .bss           0x200007c0      0x834 ./Example/User/audio_play.o
                0x20000ff0                uwPauseEnabledStatus
 .bss           0x20000ff4    0x20000 ./Example/User/audio_rec.o
                0x20000ff4                audio_rec_buffer_state
 .bss           0x20020ff4        0xc ./Example/User/main.o
                0x20020ff8                ErrorCounter
 *(.bss*)
 *(COMMON)
                0x20021000                        . = ALIGN (0x4)
                0x20021000                        _ebss = .
                0x20021000                        __bss_end__ = _ebss

._user_heap_stack
                0x20021000      0x600 load address 0x0800af2c
                0x20021000                        . = ALIGN (0x8)
                0x20021000                        PROVIDE (end = .)
                [!provide]                        PROVIDE (_end = .)
                0x20021200                        . = (. + _Min_Heap_Size)
 *fill*         0x20021000      0x200 
                0x20021600                        . = (. + _Min_Stack_Size)
 *fill*         0x20021200      0x400 
                0x20021600                        . = ALIGN (0x8)

/DISCARD/
 libc.a(*)
 libm.a(*)
 libgcc.a(*)

.ARM.attributes
                0x00000000       0x30
 *(.ARM.attributes)
 .ARM.attributes
                0x00000000       0x22 C:/ST/STM32CubeIDE_1.16.0/STM32CubeIDE/plugins/com.st.stm32cube.ide.mcu.externaltools.gnu-tools-for-stm32.12.3.rel1.win32_1.0.200.202406191623/tools/bin/../lib/gcc/arm-none-eabi/12.3.1/thumb/v7e-m+fp/hard/crti.o
 .ARM.attributes
                0x00000022       0x34 C:/ST/STM32CubeIDE_1.16.0/STM32CubeIDE/plugins/com.st.stm32cube.ide.mcu.externaltools.gnu-tools-for-stm32.12.3.rel1.win32_1.0.200.202406191623/tools/bin/../lib/gcc/arm-none-eabi/12.3.1/thumb/v7e-m+fp/hard/crtbegin.o
 .ARM.attributes
                0x00000056       0x34 ./Drivers/BSP/Components/wm8994.o
 .ARM.attributes
                0x0000008a       0x34 ./Drivers/BSP/STM32746G_DISCOVERY/stm32746g_discovery.o
 .ARM.attributes
                0x000000be       0x34 ./Drivers/BSP/STM32746G_DISCOVERY/stm32746g_discovery_audio.o
 .ARM.attributes
                0x000000f2       0x34 ./Drivers/BSP/STM32746G_DISCOVERY/stm32746g_discovery_lcd.o
 .ARM.attributes
                0x00000126       0x34 ./Drivers/BSP/STM32746G_DISCOVERY/stm32746g_discovery_sdram.o
 .ARM.attributes
                0x0000015a       0x34 ./Drivers/CMSIS/system_stm32f7xx.o
 .ARM.attributes
                0x0000018e       0x34 ./Drivers/STM32F7xx_HAL_Driver/stm32f7xx_hal.o
 .ARM.attributes
                0x000001c2       0x34 ./Drivers/STM32F7xx_HAL_Driver/stm32f7xx_hal_cortex.o
 .ARM.attributes
                0x000001f6       0x34 ./Drivers/STM32F7xx_HAL_Driver/stm32f7xx_hal_dma.o
 .ARM.attributes
                0x0000022a       0x34 ./Drivers/STM32F7xx_HAL_Driver/stm32f7xx_hal_dma2d.o
 .ARM.attributes
                0x0000025e       0x34 ./Drivers/STM32F7xx_HAL_Driver/stm32f7xx_hal_gpio.o
 .ARM.attributes
                0x00000292       0x34 ./Drivers/STM32F7xx_HAL_Driver/stm32f7xx_hal_i2c.o
 .ARM.attributes
                0x000002c6       0x34 ./Drivers/STM32F7xx_HAL_Driver/stm32f7xx_hal_ltdc.o
 .ARM.attributes
                0x000002fa       0x34 ./Drivers/STM32F7xx_HAL_Driver/stm32f7xx_hal_pwr_ex.o
 .ARM.attributes
                0x0000032e       0x34 ./Drivers/STM32F7xx_HAL_Driver/stm32f7xx_hal_rcc.o
 .ARM.attributes
                0x00000362       0x34 ./Drivers/STM32F7xx_HAL_Driver/stm32f7xx_hal_rcc_ex.o
 .ARM.attributes
                0x00000396       0x34 ./Drivers/STM32F7xx_HAL_Driver/stm32f7xx_hal_sai.o
 .ARM.attributes
                0x000003ca       0x34 ./Drivers/STM32F7xx_HAL_Driver/stm32f7xx_hal_sdram.o
 .ARM.attributes
                0x000003fe       0x34 ./Drivers/STM32F7xx_HAL_Driver/stm32f7xx_ll_fmc.o
 .ARM.attributes
                0x00000432       0x21 ./Example/SW4STM32/startup_stm32f746xx.o
 .ARM.attributes
                0x00000453       0x34 ./Example/User/audio_play.o
 .ARM.attributes
                0x00000487       0x34 ./Example/User/audio_rec.o
 .ARM.attributes
                0x000004bb       0x34 ./Example/User/main.o
 .ARM.attributes
                0x000004ef       0x34 ./Example/User/stm32f7xx_it.o
 .ARM.attributes
                0x00000523       0x34 C:/ST/STM32CubeIDE_1.16.0/STM32CubeIDE/plugins/com.st.stm32cube.ide.mcu.externaltools.gnu-tools-for-stm32.12.3.rel1.win32_1.0.200.202406191623/tools/bin/../lib/gcc/arm-none-eabi/12.3.1/../../../../arm-none-eabi/lib/thumb/v7e-m+fp/hard\libc_nano.a(libc_a-init.o)
 .ARM.attributes
                0x00000557       0x34 C:/ST/STM32CubeIDE_1.16.0/STM32CubeIDE/plugins/com.st.stm32cube.ide.mcu.externaltools.gnu-tools-for-stm32.12.3.rel1.win32_1.0.200.202406191623/tools/bin/../lib/gcc/arm-none-eabi/12.3.1/../../../../arm-none-eabi/lib/thumb/v7e-m+fp/hard\libc_nano.a(libc_a-strcpy.o)
 .ARM.attributes
                0x0000058b       0x34 C:/ST/STM32CubeIDE_1.16.0/STM32CubeIDE/plugins/com.st.stm32cube.ide.mcu.externaltools.gnu-tools-for-stm32.12.3.rel1.win32_1.0.200.202406191623/tools/bin/../lib/gcc/arm-none-eabi/12.3.1/../../../../arm-none-eabi/lib/thumb/v7e-m+fp/hard\libc_nano.a(libc_a-memcpy-stub.o)
 .ARM.attributes
                0x000005bf       0x17 C:/ST/STM32CubeIDE_1.16.0/STM32CubeIDE/plugins/com.st.stm32cube.ide.mcu.externaltools.gnu-tools-for-stm32.12.3.rel1.win32_1.0.200.202406191623/tools/bin/../lib/gcc/arm-none-eabi/12.3.1/../../../../arm-none-eabi/lib/thumb/v7e-m+fp/hard\libc_nano.a(libc_a-strlen.o)
 .ARM.attributes
                0x000005d6       0x34 C:/ST/STM32CubeIDE_1.16.0/STM32CubeIDE/plugins/com.st.stm32cube.ide.mcu.externaltools.gnu-tools-for-stm32.12.3.rel1.win32_1.0.200.202406191623/tools/bin/../lib/gcc/arm-none-eabi/12.3.1/../../../../arm-none-eabi/lib/thumb/v7e-m+fp/hard\libm.a(libm_a-s_sin.o)
 .ARM.attributes
                0x0000060a       0x34 C:/ST/STM32CubeIDE_1.16.0/STM32CubeIDE/plugins/com.st.stm32cube.ide.mcu.externaltools.gnu-tools-for-stm32.12.3.rel1.win32_1.0.200.202406191623/tools/bin/../lib/gcc/arm-none-eabi/12.3.1/../../../../arm-none-eabi/lib/thumb/v7e-m+fp/hard\libm.a(libm_a-k_cos.o)
 .ARM.attributes
                0x0000063e       0x34 C:/ST/STM32CubeIDE_1.16.0/STM32CubeIDE/plugins/com.st.stm32cube.ide.mcu.externaltools.gnu-tools-for-stm32.12.3.rel1.win32_1.0.200.202406191623/tools/bin/../lib/gcc/arm-none-eabi/12.3.1/../../../../arm-none-eabi/lib/thumb/v7e-m+fp/hard\libm.a(libm_a-k_sin.o)
 .ARM.attributes
                0x00000672       0x34 C:/ST/STM32CubeIDE_1.16.0/STM32CubeIDE/plugins/com.st.stm32cube.ide.mcu.externaltools.gnu-tools-for-stm32.12.3.rel1.win32_1.0.200.202406191623/tools/bin/../lib/gcc/arm-none-eabi/12.3.1/../../../../arm-none-eabi/lib/thumb/v7e-m+fp/hard\libm.a(libm_a-e_rem_pio2.o)
 .ARM.attributes
                0x000006a6       0x34 C:/ST/STM32CubeIDE_1.16.0/STM32CubeIDE/plugins/com.st.stm32cube.ide.mcu.externaltools.gnu-tools-for-stm32.12.3.rel1.win32_1.0.200.202406191623/tools/bin/../lib/gcc/arm-none-eabi/12.3.1/../../../../arm-none-eabi/lib/thumb/v7e-m+fp/hard\libm.a(libm_a-s_fabs.o)
 .ARM.attributes
                0x000006da       0x34 C:/ST/STM32CubeIDE_1.16.0/STM32CubeIDE/plugins/com.st.stm32cube.ide.mcu.externaltools.gnu-tools-for-stm32.12.3.rel1.win32_1.0.200.202406191623/tools/bin/../lib/gcc/arm-none-eabi/12.3.1/../../../../arm-none-eabi/lib/thumb/v7e-m+fp/hard\libm.a(libm_a-k_rem_pio2.o)
 .ARM.attributes
                0x0000070e       0x34 C:/ST/STM32CubeIDE_1.16.0/STM32CubeIDE/plugins/com.st.stm32cube.ide.mcu.externaltools.gnu-tools-for-stm32.12.3.rel1.win32_1.0.200.202406191623/tools/bin/../lib/gcc/arm-none-eabi/12.3.1/../../../../arm-none-eabi/lib/thumb/v7e-m+fp/hard\libm.a(libm_a-s_scalbn.o)
 .ARM.attributes
                0x00000742       0x34 C:/ST/STM32CubeIDE_1.16.0/STM32CubeIDE/plugins/com.st.stm32cube.ide.mcu.externaltools.gnu-tools-for-stm32.12.3.rel1.win32_1.0.200.202406191623/tools/bin/../lib/gcc/arm-none-eabi/12.3.1/../../../../arm-none-eabi/lib/thumb/v7e-m+fp/hard\libm.a(libm_a-s_floor.o)
 .ARM.attributes
                0x00000776       0x22 C:/ST/STM32CubeIDE_1.16.0/STM32CubeIDE/plugins/com.st.stm32cube.ide.mcu.externaltools.gnu-tools-for-stm32.12.3.rel1.win32_1.0.200.202406191623/tools/bin/../lib/gcc/arm-none-eabi/12.3.1/thumb/v7e-m+fp/hard\libgcc.a(_arm_addsubdf3.o)
 .ARM.attributes
                0x00000798       0x22 C:/ST/STM32CubeIDE_1.16.0/STM32CubeIDE/plugins/com.st.stm32cube.ide.mcu.externaltools.gnu-tools-for-stm32.12.3.rel1.win32_1.0.200.202406191623/tools/bin/../lib/gcc/arm-none-eabi/12.3.1/thumb/v7e-m+fp/hard\libgcc.a(_arm_muldivdf3.o)
 .ARM.attributes
                0x000007ba       0x22 C:/ST/STM32CubeIDE_1.16.0/STM32CubeIDE/plugins/com.st.stm32cube.ide.mcu.externaltools.gnu-tools-for-stm32.12.3.rel1.win32_1.0.200.202406191623/tools/bin/../lib/gcc/arm-none-eabi/12.3.1/thumb/v7e-m+fp/hard\libgcc.a(_arm_cmpdf2.o)
 .ARM.attributes
                0x000007dc       0x22 C:/ST/STM32CubeIDE_1.16.0/STM32CubeIDE/plugins/com.st.stm32cube.ide.mcu.externaltools.gnu-tools-for-stm32.12.3.rel1.win32_1.0.200.202406191623/tools/bin/../lib/gcc/arm-none-eabi/12.3.1/thumb/v7e-m+fp/hard\libgcc.a(_arm_fixdfsi.o)
 .ARM.attributes
                0x000007fe       0x22 C:/ST/STM32CubeIDE_1.16.0/STM32CubeIDE/plugins/com.st.stm32cube.ide.mcu.externaltools.gnu-tools-for-stm32.12.3.rel1.win32_1.0.200.202406191623/tools/bin/../lib/gcc/arm-none-eabi/12.3.1/thumb/v7e-m+fp/hard\libgcc.a(_arm_truncdfsf2.o)
 .ARM.attributes
                0x00000820       0x22 C:/ST/STM32CubeIDE_1.16.0/STM32CubeIDE/plugins/com.st.stm32cube.ide.mcu.externaltools.gnu-tools-for-stm32.12.3.rel1.win32_1.0.200.202406191623/tools/bin/../lib/gcc/arm-none-eabi/12.3.1/thumb/v7e-m+fp/hard\libgcc.a(_aeabi_uldivmod.o)
 .ARM.attributes
                0x00000842       0x34 C:/ST/STM32CubeIDE_1.16.0/STM32CubeIDE/plugins/com.st.stm32cube.ide.mcu.externaltools.gnu-tools-for-stm32.12.3.rel1.win32_1.0.200.202406191623/tools/bin/../lib/gcc/arm-none-eabi/12.3.1/thumb/v7e-m+fp/hard\libgcc.a(_udivmoddi4.o)
 .ARM.attributes
                0x00000876       0x22 C:/ST/STM32CubeIDE_1.16.0/STM32CubeIDE/plugins/com.st.stm32cube.ide.mcu.externaltools.gnu-tools-for-stm32.12.3.rel1.win32_1.0.200.202406191623/tools/bin/../lib/gcc/arm-none-eabi/12.3.1/thumb/v7e-m+fp/hard\libgcc.a(_dvmd_tls.o)
 .ARM.attributes
                0x00000898       0x22 C:/ST/STM32CubeIDE_1.16.0/STM32CubeIDE/plugins/com.st.stm32cube.ide.mcu.externaltools.gnu-tools-for-stm32.12.3.rel1.win32_1.0.200.202406191623/tools/bin/../lib/gcc/arm-none-eabi/12.3.1/thumb/v7e-m+fp/hard/crtn.o
OUTPUT(STM32746G_DISCOVERY.elf elf32-littlearm)
LOAD linker stubs
LOAD C:/ST/STM32CubeIDE_1.16.0/STM32CubeIDE/plugins/com.st.stm32cube.ide.mcu.externaltools.gnu-tools-for-stm32.12.3.rel1.win32_1.0.200.202406191623/tools/bin/../lib/gcc/arm-none-eabi/12.3.1/../../../../arm-none-eabi/lib/thumb/v7e-m+fp/hard\libc.a
LOAD C:/ST/STM32CubeIDE_1.16.0/STM32CubeIDE/plugins/com.st.stm32cube.ide.mcu.externaltools.gnu-tools-for-stm32.12.3.rel1.win32_1.0.200.202406191623/tools/bin/../lib/gcc/arm-none-eabi/12.3.1/../../../../arm-none-eabi/lib/thumb/v7e-m+fp/hard\libm.a
LOAD C:/ST/STM32CubeIDE_1.16.0/STM32CubeIDE/plugins/com.st.stm32cube.ide.mcu.externaltools.gnu-tools-for-stm32.12.3.rel1.win32_1.0.200.202406191623/tools/bin/../lib/gcc/arm-none-eabi/12.3.1/thumb/v7e-m+fp/hard\libgcc.a

.debug_info     0x00000000    0x1f11c
 .debug_info    0x00000000     0x3e93 ./Drivers/BSP/Components/wm8994.o
 .debug_info    0x00003e93     0x221c ./Drivers/BSP/STM32746G_DISCOVERY/stm32746g_discovery.o
 .debug_info    0x000060af     0x2661 ./Drivers/BSP/STM32746G_DISCOVERY/stm32746g_discovery_audio.o
 .debug_info    0x00008710     0x35ff ./Drivers/BSP/STM32746G_DISCOVERY/stm32746g_discovery_lcd.o
 .debug_info    0x0000bd0f     0x13ba ./Drivers/BSP/STM32746G_DISCOVERY/stm32746g_discovery_sdram.o
 .debug_info    0x0000d0c9      0x706 ./Drivers/CMSIS/system_stm32f7xx.o
 .debug_info    0x0000d7cf      0xb27 ./Drivers/STM32F7xx_HAL_Driver/stm32f7xx_hal.o
 .debug_info    0x0000e2f6     0x1205 ./Drivers/STM32F7xx_HAL_Driver/stm32f7xx_hal_cortex.o
 .debug_info    0x0000f4fb      0xae5 ./Drivers/STM32F7xx_HAL_Driver/stm32f7xx_hal_dma.o
 .debug_info    0x0000ffe0     0x11d7 ./Drivers/STM32F7xx_HAL_Driver/stm32f7xx_hal_dma2d.o
 .debug_info    0x000111b7      0x728 ./Drivers/STM32F7xx_HAL_Driver/stm32f7xx_hal_gpio.o
 .debug_info    0x000118df     0x3dc9 ./Drivers/STM32F7xx_HAL_Driver/stm32f7xx_hal_i2c.o
 .debug_info    0x000156a8     0x143b ./Drivers/STM32F7xx_HAL_Driver/stm32f7xx_hal_ltdc.o
 .debug_info    0x00016ae3      0x9aa ./Drivers/STM32F7xx_HAL_Driver/stm32f7xx_hal_pwr_ex.o
 .debug_info    0x0001748d      0xb77 ./Drivers/STM32F7xx_HAL_Driver/stm32f7xx_hal_rcc.o
 .debug_info    0x00018004      0x7ee ./Drivers/STM32F7xx_HAL_Driver/stm32f7xx_hal_rcc_ex.o
 .debug_info    0x000187f2     0x16f3 ./Drivers/STM32F7xx_HAL_Driver/stm32f7xx_hal_sai.o
 .debug_info    0x00019ee5     0x1125 ./Drivers/STM32F7xx_HAL_Driver/stm32f7xx_hal_sdram.o
 .debug_info    0x0001b00a      0xc7a ./Drivers/STM32F7xx_HAL_Driver/stm32f7xx_ll_fmc.o
 .debug_info    0x0001bc84       0x30 ./Example/SW4STM32/startup_stm32f746xx.o
 .debug_info    0x0001bcb4      0x9d7 ./Example/User/audio_play.o
 .debug_info    0x0001c68b      0xd10 ./Example/User/audio_rec.o
 .debug_info    0x0001d39b     0x133e ./Example/User/main.o
 .debug_info    0x0001e6d9      0xa43 ./Example/User/stm32f7xx_it.o

.debug_abbrev   0x00000000     0x42db
 .debug_abbrev  0x00000000      0x344 ./Drivers/BSP/Components/wm8994.o
 .debug_abbrev  0x00000344      0x489 ./Drivers/BSP/STM32746G_DISCOVERY/stm32746g_discovery.o
 .debug_abbrev  0x000007cd      0x3e7 ./Drivers/BSP/STM32746G_DISCOVERY/stm32746g_discovery_audio.o
 .debug_abbrev  0x00000bb4      0x449 ./Drivers/BSP/STM32746G_DISCOVERY/stm32746g_discovery_lcd.o
 .debug_abbrev  0x00000ffd      0x2ae ./Drivers/BSP/STM32746G_DISCOVERY/stm32746g_discovery_sdram.o
 .debug_abbrev  0x000012ab      0x141 ./Drivers/CMSIS/system_stm32f7xx.o
 .debug_abbrev  0x000013ec      0x284 ./Drivers/STM32F7xx_HAL_Driver/stm32f7xx_hal.o
 .debug_abbrev  0x00001670      0x386 ./Drivers/STM32F7xx_HAL_Driver/stm32f7xx_hal_cortex.o
 .debug_abbrev  0x000019f6      0x341 ./Drivers/STM32F7xx_HAL_Driver/stm32f7xx_hal_dma.o
 .debug_abbrev  0x00001d37      0x2b3 ./Drivers/STM32F7xx_HAL_Driver/stm32f7xx_hal_dma2d.o
 .debug_abbrev  0x00001fea      0x202 ./Drivers/STM32F7xx_HAL_Driver/stm32f7xx_hal_gpio.o
 .debug_abbrev  0x000021ec      0x3bd ./Drivers/STM32F7xx_HAL_Driver/stm32f7xx_hal_i2c.o
 .debug_abbrev  0x000025a9      0x298 ./Drivers/STM32F7xx_HAL_Driver/stm32f7xx_hal_ltdc.o
 .debug_abbrev  0x00002841      0x1ef ./Drivers/STM32F7xx_HAL_Driver/stm32f7xx_hal_pwr_ex.o
 .debug_abbrev  0x00002a30      0x313 ./Drivers/STM32F7xx_HAL_Driver/stm32f7xx_hal_rcc.o
 .debug_abbrev  0x00002d43      0x1e3 ./Drivers/STM32F7xx_HAL_Driver/stm32f7xx_hal_rcc_ex.o
 .debug_abbrev  0x00002f26      0x35b ./Drivers/STM32F7xx_HAL_Driver/stm32f7xx_hal_sai.o
 .debug_abbrev  0x00003281      0x27f ./Drivers/STM32F7xx_HAL_Driver/stm32f7xx_hal_sdram.o
 .debug_abbrev  0x00003500      0x1b6 ./Drivers/STM32F7xx_HAL_Driver/stm32f7xx_ll_fmc.o
 .debug_abbrev  0x000036b6       0x24 ./Example/SW4STM32/startup_stm32f746xx.o
 .debug_abbrev  0x000036da      0x338 ./Example/User/audio_play.o
 .debug_abbrev  0x00003a12      0x2cf ./Example/User/audio_rec.o
 .debug_abbrev  0x00003ce1      0x400 ./Example/User/main.o
 .debug_abbrev  0x000040e1      0x1fa ./Example/User/stm32f7xx_it.o

.debug_loclists
                0x00000000     0xc73c
 .debug_loclists
                0x00000000     0x1e4b ./Drivers/BSP/Components/wm8994.o
 .debug_loclists
                0x00001e4b      0x65b ./Drivers/BSP/STM32746G_DISCOVERY/stm32746g_discovery.o
 .debug_loclists
                0x000024a6      0x6b1 ./Drivers/BSP/STM32746G_DISCOVERY/stm32746g_discovery_audio.o
 .debug_loclists
                0x00002b57     0x192e ./Drivers/BSP/STM32746G_DISCOVERY/stm32746g_discovery_lcd.o
 .debug_loclists
                0x00004485      0x223 ./Drivers/BSP/STM32746G_DISCOVERY/stm32746g_discovery_sdram.o
 .debug_loclists
                0x000046a8       0xc4 ./Drivers/CMSIS/system_stm32f7xx.o
 .debug_loclists
                0x0000476c       0xba ./Drivers/STM32F7xx_HAL_Driver/stm32f7xx_hal.o
 .debug_loclists
                0x00004826      0x3d9 ./Drivers/STM32F7xx_HAL_Driver/stm32f7xx_hal_cortex.o
 .debug_loclists
                0x00004bff      0x5ef ./Drivers/STM32F7xx_HAL_Driver/stm32f7xx_hal_dma.o
 .debug_loclists
                0x000051ee      0xdcc ./Drivers/STM32F7xx_HAL_Driver/stm32f7xx_hal_dma2d.o
 .debug_loclists
                0x00005fba      0x262 ./Drivers/STM32F7xx_HAL_Driver/stm32f7xx_hal_gpio.o
 .debug_loclists
                0x0000621c     0x2f6b ./Drivers/STM32F7xx_HAL_Driver/stm32f7xx_hal_i2c.o
 .debug_loclists
                0x00009187      0xc05 ./Drivers/STM32F7xx_HAL_Driver/stm32f7xx_hal_ltdc.o
 .debug_loclists
                0x00009d8c      0x1b8 ./Drivers/STM32F7xx_HAL_Driver/stm32f7xx_hal_pwr_ex.o
 .debug_loclists
                0x00009f44      0x3a6 ./Drivers/STM32F7xx_HAL_Driver/stm32f7xx_hal_rcc.o
 .debug_loclists
                0x0000a2ea      0x4dd ./Drivers/STM32F7xx_HAL_Driver/stm32f7xx_hal_rcc_ex.o
 .debug_loclists
                0x0000a7c7      0xd80 ./Drivers/STM32F7xx_HAL_Driver/stm32f7xx_hal_sai.o
 .debug_loclists
                0x0000b547      0x871 ./Drivers/STM32F7xx_HAL_Driver/stm32f7xx_hal_sdram.o
 .debug_loclists
                0x0000bdb8      0x48c ./Drivers/STM32F7xx_HAL_Driver/stm32f7xx_ll_fmc.o
 .debug_loclists
                0x0000c244      0x13e ./Example/User/audio_play.o
 .debug_loclists
                0x0000c382      0x326 ./Example/User/audio_rec.o
 .debug_loclists
                0x0000c6a8       0x94 ./Example/User/main.o

.debug_aranges  0x00000000     0x12f8
 .debug_aranges
                0x00000000       0x78 ./Drivers/BSP/Components/wm8994.o
 .debug_aranges
                0x00000078      0x110 ./Drivers/BSP/STM32746G_DISCOVERY/stm32746g_discovery.o
 .debug_aranges
                0x00000188      0x158 ./Drivers/BSP/STM32746G_DISCOVERY/stm32746g_discovery_audio.o
 .debug_aranges
                0x000002e0      0x1c8 ./Drivers/BSP/STM32746G_DISCOVERY/stm32746g_discovery_lcd.o
 .debug_aranges
                0x000004a8       0x68 ./Drivers/BSP/STM32746G_DISCOVERY/stm32746g_discovery_sdram.o
 .debug_aranges
                0x00000510       0x28 ./Drivers/CMSIS/system_stm32f7xx.o
 .debug_aranges
                0x00000538      0x100 ./Drivers/STM32F7xx_HAL_Driver/stm32f7xx_hal.o
 .debug_aranges
                0x00000638       0xb8 ./Drivers/STM32F7xx_HAL_Driver/stm32f7xx_hal_cortex.o
 .debug_aranges
                0x000006f0       0x80 ./Drivers/STM32F7xx_HAL_Driver/stm32f7xx_hal_dma.o
 .debug_aranges
                0x00000770      0x118 ./Drivers/STM32F7xx_HAL_Driver/stm32f7xx_hal_dma2d.o
 .debug_aranges
                0x00000888       0x58 ./Drivers/STM32F7xx_HAL_Driver/stm32f7xx_hal_gpio.o
 .debug_aranges
                0x000008e0      0x290 ./Drivers/STM32F7xx_HAL_Driver/stm32f7xx_hal_i2c.o
 .debug_aranges
                0x00000b70      0x158 ./Drivers/STM32F7xx_HAL_Driver/stm32f7xx_hal_ltdc.o
 .debug_aranges
                0x00000cc8       0x80 ./Drivers/STM32F7xx_HAL_Driver/stm32f7xx_hal_pwr_ex.o
 .debug_aranges
                0x00000d48       0x88 ./Drivers/STM32F7xx_HAL_Driver/stm32f7xx_hal_rcc.o
 .debug_aranges
                0x00000dd0       0x50 ./Drivers/STM32F7xx_HAL_Driver/stm32f7xx_hal_rcc_ex.o
 .debug_aranges
                0x00000e20      0x170 ./Drivers/STM32F7xx_HAL_Driver/stm32f7xx_hal_sai.o
 .debug_aranges
                0x00000f90       0xe8 ./Drivers/STM32F7xx_HAL_Driver/stm32f7xx_hal_sdram.o
 .debug_aranges
                0x00001078       0xc8 ./Drivers/STM32F7xx_HAL_Driver/stm32f7xx_ll_fmc.o
 .debug_aranges
                0x00001140       0x28 ./Example/SW4STM32/startup_stm32f746xx.o
 .debug_aranges
                0x00001168       0x50 ./Example/User/audio_play.o
 .debug_aranges
                0x000011b8       0x68 ./Example/User/audio_rec.o
 .debug_aranges
                0x00001220       0x38 ./Example/User/main.o
 .debug_aranges
                0x00001258       0xa0 ./Example/User/stm32f7xx_it.o

.debug_rnglists
                0x00000000     0x12d7
 .debug_rnglists
                0x00000000      0x179 ./Drivers/BSP/Components/wm8994.o
 .debug_rnglists
                0x00000179      0x145 ./Drivers/BSP/STM32746G_DISCOVERY/stm32746g_discovery.o
 .debug_rnglists
                0x000002be      0x16c ./Drivers/BSP/STM32746G_DISCOVERY/stm32746g_discovery_audio.o
 .debug_rnglists
                0x0000042a      0x1a9 ./Drivers/BSP/STM32746G_DISCOVERY/stm32746g_discovery_lcd.o
 .debug_rnglists
                0x000005d3       0x6c ./Drivers/BSP/STM32746G_DISCOVERY/stm32746g_discovery_sdram.o
 .debug_rnglists
                0x0000063f       0x19 ./Drivers/CMSIS/system_stm32f7xx.o
 .debug_rnglists
                0x00000658       0xbb ./Drivers/STM32F7xx_HAL_Driver/stm32f7xx_hal.o
 .debug_rnglists
                0x00000713       0xdf ./Drivers/STM32F7xx_HAL_Driver/stm32f7xx_hal_cortex.o
 .debug_rnglists
                0x000007f2       0x85 ./Drivers/STM32F7xx_HAL_Driver/stm32f7xx_hal_dma.o
 .debug_rnglists
                0x00000877       0xd1 ./Drivers/STM32F7xx_HAL_Driver/stm32f7xx_hal_dma2d.o
 .debug_rnglists
                0x00000948       0x5c ./Drivers/STM32F7xx_HAL_Driver/stm32f7xx_hal_gpio.o
 .debug_rnglists
                0x000009a4      0x261 ./Drivers/STM32F7xx_HAL_Driver/stm32f7xx_hal_i2c.o
 .debug_rnglists
                0x00000c05      0x100 ./Drivers/STM32F7xx_HAL_Driver/stm32f7xx_hal_ltdc.o
 .debug_rnglists
                0x00000d05       0xa5 ./Drivers/STM32F7xx_HAL_Driver/stm32f7xx_hal_pwr_ex.o
 .debug_rnglists
                0x00000daa       0x90 ./Drivers/STM32F7xx_HAL_Driver/stm32f7xx_hal_rcc.o
 .debug_rnglists
                0x00000e3a       0x46 ./Drivers/STM32F7xx_HAL_Driver/stm32f7xx_hal_rcc_ex.o
 .debug_rnglists
                0x00000e80      0x16a ./Drivers/STM32F7xx_HAL_Driver/stm32f7xx_hal_sai.o
 .debug_rnglists
                0x00000fea       0xa9 ./Drivers/STM32F7xx_HAL_Driver/stm32f7xx_hal_sdram.o
 .debug_rnglists
                0x00001093       0x92 ./Drivers/STM32F7xx_HAL_Driver/stm32f7xx_ll_fmc.o
 .debug_rnglists
                0x00001125       0x19 ./Example/SW4STM32/startup_stm32f746xx.o
 .debug_rnglists
                0x0000113e       0x38 ./Example/User/audio_play.o
 .debug_rnglists
                0x00001176       0xa3 ./Example/User/audio_rec.o
 .debug_rnglists
                0x00001219       0x4b ./Example/User/main.o
 .debug_rnglists
                0x00001264       0x73 ./Example/User/stm32f7xx_it.o

.debug_macro    0x00000000    0x293cc
 .debug_macro   0x00000000       0x81 ./Drivers/BSP/Components/wm8994.o
 .debug_macro   0x00000081       0x10 ./Drivers/BSP/Components/wm8994.o
 .debug_macro   0x00000091       0xbe ./Drivers/BSP/Components/wm8994.o
 .debug_macro   0x0000014f      0x298 ./Drivers/BSP/STM32746G_DISCOVERY/stm32746g_discovery.o
 .debug_macro   0x000003e7      0x2d5 ./Drivers/BSP/STM32746G_DISCOVERY/stm32746g_discovery.o
 .debug_macro   0x000006bc       0x2e ./Drivers/BSP/STM32746G_DISCOVERY/stm32746g_discovery.o
 .debug_macro   0x000006ea       0x3b ./Drivers/BSP/STM32746G_DISCOVERY/stm32746g_discovery.o
 .debug_macro   0x00000725       0x1c ./Drivers/BSP/STM32746G_DISCOVERY/stm32746g_discovery.o
 .debug_macro   0x00000741       0x22 ./Drivers/BSP/STM32746G_DISCOVERY/stm32746g_discovery.o
 .debug_macro   0x00000763       0xd9 ./Drivers/BSP/STM32746G_DISCOVERY/stm32746g_discovery.o
 .debug_macro   0x0000083c     0x12cd ./Drivers/BSP/STM32746G_DISCOVERY/stm32746g_discovery.o
 .debug_macro   0x00001b09      0x11f ./Drivers/BSP/STM32746G_DISCOVERY/stm32746g_discovery.o
 .debug_macro   0x00001c28       0x19 ./Drivers/BSP/STM32746G_DISCOVERY/stm32746g_discovery.o
 .debug_macro   0x00001c41    0x19222 ./Drivers/BSP/STM32746G_DISCOVERY/stm32746g_discovery.o
 .debug_macro   0x0001ae63       0x6d ./Drivers/BSP/STM32746G_DISCOVERY/stm32746g_discovery.o
 .debug_macro   0x0001aed0     0x3765 ./Drivers/BSP/STM32746G_DISCOVERY/stm32746g_discovery.o
 .debug_macro   0x0001e635      0x189 ./Drivers/BSP/STM32746G_DISCOVERY/stm32746g_discovery.o
 .debug_macro   0x0001e7be       0x63 ./Drivers/BSP/STM32746G_DISCOVERY/stm32746g_discovery.o
 .debug_macro   0x0001e821     0x18ad ./Drivers/BSP/STM32746G_DISCOVERY/stm32746g_discovery.o
 .debug_macro   0x000200ce      0x6c4 ./Drivers/BSP/STM32746G_DISCOVERY/stm32746g_discovery.o
 .debug_macro   0x00020792      0x115 ./Drivers/BSP/STM32746G_DISCOVERY/stm32746g_discovery.o
 .debug_macro   0x000208a7      0x1fd ./Drivers/BSP/STM32746G_DISCOVERY/stm32746g_discovery.o
 .debug_macro   0x00020aa4       0xa5 ./Drivers/BSP/STM32746G_DISCOVERY/stm32746g_discovery.o
 .debug_macro   0x00020b49      0x24f ./Drivers/BSP/STM32746G_DISCOVERY/stm32746g_discovery.o
 .debug_macro   0x00020d98       0x41 ./Drivers/BSP/STM32746G_DISCOVERY/stm32746g_discovery.o
 .debug_macro   0x00020dd9       0x58 ./Drivers/BSP/STM32746G_DISCOVERY/stm32746g_discovery.o
 .debug_macro   0x00020e31      0x236 ./Drivers/BSP/STM32746G_DISCOVERY/stm32746g_discovery.o
 .debug_macro   0x00021067      0x208 ./Drivers/BSP/STM32746G_DISCOVERY/stm32746g_discovery.o
 .debug_macro   0x0002126f      0x22c ./Drivers/BSP/STM32746G_DISCOVERY/stm32746g_discovery.o
 .debug_macro   0x0002149b      0x14e ./Drivers/BSP/STM32746G_DISCOVERY/stm32746g_discovery.o
 .debug_macro   0x000215e9      0x25a ./Drivers/BSP/STM32746G_DISCOVERY/stm32746g_discovery.o
 .debug_macro   0x00021843       0x12 ./Drivers/BSP/STM32746G_DISCOVERY/stm32746g_discovery.o
 .debug_macro   0x00021855      0x504 ./Drivers/BSP/STM32746G_DISCOVERY/stm32746g_discovery.o
 .debug_macro   0x00021d59       0x88 ./Drivers/BSP/STM32746G_DISCOVERY/stm32746g_discovery.o
 .debug_macro   0x00021de1       0x11 ./Drivers/BSP/STM32746G_DISCOVERY/stm32746g_discovery.o
 .debug_macro   0x00021df2      0x22c ./Drivers/BSP/STM32746G_DISCOVERY/stm32746g_discovery.o
 .debug_macro   0x0002201e       0x61 ./Drivers/BSP/STM32746G_DISCOVERY/stm32746g_discovery.o
 .debug_macro   0x0002207f       0xa5 ./Drivers/BSP/STM32746G_DISCOVERY/stm32746g_discovery.o
 .debug_macro   0x00022124      0x1d8 ./Drivers/BSP/STM32746G_DISCOVERY/stm32746g_discovery.o
 .debug_macro   0x000222fc      0x198 ./Drivers/BSP/STM32746G_DISCOVERY/stm32746g_discovery.o
 .debug_macro   0x00022494       0xd6 ./Drivers/BSP/STM32746G_DISCOVERY/stm32746g_discovery.o
 .debug_macro   0x0002256a      0x12e ./Drivers/BSP/STM32746G_DISCOVERY/stm32746g_discovery.o
 .debug_macro   0x00022698      0x108 ./Drivers/BSP/STM32746G_DISCOVERY/stm32746g_discovery.o
 .debug_macro   0x000227a0       0x35 ./Drivers/BSP/STM32746G_DISCOVERY/stm32746g_discovery.o
 .debug_macro   0x000227d5      0x2d4 ./Drivers/BSP/STM32746G_DISCOVERY/stm32746g_discovery.o
 .debug_macro   0x00022aa9      0x447 ./Drivers/BSP/STM32746G_DISCOVERY/stm32746g_discovery.o
 .debug_macro   0x00022ef0      0x773 ./Drivers/BSP/STM32746G_DISCOVERY/stm32746g_discovery.o
 .debug_macro   0x00023663      0x1d5 ./Drivers/BSP/STM32746G_DISCOVERY/stm32746g_discovery.o
 .debug_macro   0x00023838      0xa83 ./Drivers/BSP/STM32746G_DISCOVERY/stm32746g_discovery.o
 .debug_macro   0x000242bb       0x59 ./Drivers/BSP/STM32746G_DISCOVERY/stm32746g_discovery.o
 .debug_macro   0x00024314      0x56d ./Drivers/BSP/STM32746G_DISCOVERY/stm32746g_discovery.o
 .debug_macro   0x00024881       0x44 ./Drivers/BSP/STM32746G_DISCOVERY/stm32746g_discovery.o
 .debug_macro   0x000248c5      0x14d ./Drivers/BSP/STM32746G_DISCOVERY/stm32746g_discovery.o
 .debug_macro   0x00024a12      0x255 ./Drivers/BSP/STM32746G_DISCOVERY/stm32746g_discovery.o
 .debug_macro   0x00024c67      0x2a7 ./Drivers/BSP/STM32746G_DISCOVERY/stm32746g_discovery_audio.o
 .debug_macro   0x00024f0e      0x177 ./Drivers/BSP/STM32746G_DISCOVERY/stm32746g_discovery_audio.o
 .debug_macro   0x00025085      0x2ce ./Drivers/BSP/STM32746G_DISCOVERY/stm32746g_discovery_lcd.o
 .debug_macro   0x00025353       0x40 ./Drivers/BSP/STM32746G_DISCOVERY/stm32746g_discovery_lcd.o
 .debug_macro   0x00025393       0x9a ./Drivers/BSP/STM32746G_DISCOVERY/stm32746g_discovery_lcd.o
 .debug_macro   0x0002542d      0x25b ./Drivers/BSP/STM32746G_DISCOVERY/stm32746g_discovery_lcd.o
 .debug_macro   0x00025688       0x10 ./Drivers/BSP/STM32746G_DISCOVERY/stm32746g_discovery_lcd.o
 .debug_macro   0x00025698      0x119 ./Drivers/BSP/STM32746G_DISCOVERY/stm32746g_discovery_lcd.o
 .debug_macro   0x000257b1      0x27a ./Drivers/BSP/STM32746G_DISCOVERY/stm32746g_discovery_sdram.o
 .debug_macro   0x00025a2b      0x271 ./Drivers/CMSIS/system_stm32f7xx.o
 .debug_macro   0x00025c9c      0x28f ./Drivers/STM32F7xx_HAL_Driver/stm32f7xx_hal.o
 .debug_macro   0x00025f2b      0x26b ./Drivers/STM32F7xx_HAL_Driver/stm32f7xx_hal_cortex.o
 .debug_macro   0x00026196      0x271 ./Drivers/STM32F7xx_HAL_Driver/stm32f7xx_hal_dma.o
 .debug_macro   0x00026407      0x27a ./Drivers/STM32F7xx_HAL_Driver/stm32f7xx_hal_dma2d.o
 .debug_macro   0x00026681      0x271 ./Drivers/STM32F7xx_HAL_Driver/stm32f7xx_hal_gpio.o
 .debug_macro   0x000268f2      0x337 ./Drivers/STM32F7xx_HAL_Driver/stm32f7xx_hal_i2c.o
 .debug_macro   0x00026c29      0x273 ./Drivers/STM32F7xx_HAL_Driver/stm32f7xx_hal_ltdc.o
 .debug_macro   0x00026e9c      0x283 ./Drivers/STM32F7xx_HAL_Driver/stm32f7xx_hal_pwr_ex.o
 .debug_macro   0x0002711f      0x28f ./Drivers/STM32F7xx_HAL_Driver/stm32f7xx_hal_rcc.o
 .debug_macro   0x000273ae      0x26b ./Drivers/STM32F7xx_HAL_Driver/stm32f7xx_hal_rcc_ex.o
 .debug_macro   0x00027619      0x27a ./Drivers/STM32F7xx_HAL_Driver/stm32f7xx_hal_sai.o
 .debug_macro   0x00027893      0x26b ./Drivers/STM32F7xx_HAL_Driver/stm32f7xx_hal_sdram.o
 .debug_macro   0x00027afe      0x295 ./Drivers/STM32F7xx_HAL_Driver/stm32f7xx_ll_fmc.o
 .debug_macro   0x00027d93      0x44a ./Example/User/audio_play.o
 .debug_macro   0x000281dd       0x16 ./Example/User/audio_play.o
 .debug_macro   0x000281f3       0x9e ./Example/User/audio_play.o
 .debug_macro   0x00028291      0x10b ./Example/User/audio_play.o
 .debug_macro   0x0002839c       0x16 ./Example/User/audio_play.o
 .debug_macro   0x000283b2       0x5d ./Example/User/audio_play.o
 .debug_macro   0x0002840f       0xa0 ./Example/User/audio_play.o
 .debug_macro   0x000284af       0x82 ./Example/User/audio_play.o
 .debug_macro   0x00028531       0x2e ./Example/User/audio_play.o
 .debug_macro   0x0002855f       0xa6 ./Example/User/audio_play.o
 .debug_macro   0x00028605       0x16 ./Example/User/audio_play.o
 .debug_macro   0x0002861b       0x52 ./Example/User/audio_play.o
 .debug_macro   0x0002866d      0x4a1 ./Example/User/audio_rec.o
 .debug_macro   0x00028b0e       0x16 ./Example/User/audio_rec.o
 .debug_macro   0x00028b24       0x20 ./Example/User/audio_rec.o
 .debug_macro   0x00028b44       0x22 ./Example/User/audio_rec.o
 .debug_macro   0x00028b66      0x42c ./Example/User/main.o
 .debug_macro   0x00028f92      0x43a ./Example/User/stm32f7xx_it.o
