C:/Users/jswia/STM32CubeIDE/workspace_1.16.0/BSP/Src/audio_play.c:184:17:GetData	16	static
../../../Drivers/CMSIS/Include/core_cm7.h:2491:22:SCB_CleanDCache_by_Addr.constprop	0	static,ignoring_inline_asm
C:/Users/jswia/STM32CubeIDE/workspace_1.16.0/BSP/Src/audio_play.c:90:20:AUDIO_Start	16	static
C:/Users/jswia/STM32CubeIDE/workspace_1.16.0/BSP/Src/audio_play.c:119:9:AUDIO_Process	16	static
C:/Users/jswia/STM32CubeIDE/workspace_1.16.0/BSP/Src/audio_play.c:209:6:BSP_AUDIO_OUT_TransferComplete_CallBack	0	static
C:/Users/jswia/STM32CubeIDE/workspace_1.16.0/BSP/Src/audio_play.c:223:6:BSP_AUDIO_OUT_HalfTransfer_CallBack	0	static
C:/Users/jswia/STM32CubeIDE/workspace_1.16.0/BSP/Src/audio_play.c:237:6:BSP_AUDIO_OUT_Error_CallBack	8	static
